Archive member included to satisfy reference by file (symbol)

c:/users/a-m-m/desktop/iti_instructor/tools/imt_sdk_win_64/winarm/armgcc/bin/../lib/gcc/arm-none-eabi/7.2.1/../../../../arm-none-eabi/lib/thumb/v7e-m\libg_nano.a(lib_a-errno.o)
                              ./system/src/newlib/_sbrk.o (__errno)
c:/users/a-m-m/desktop/iti_instructor/tools/imt_sdk_win_64/winarm/armgcc/bin/../lib/gcc/arm-none-eabi/7.2.1/../../../../arm-none-eabi/lib/thumb/v7e-m\libg_nano.a(lib_a-impure.o)
                              c:/users/a-m-m/desktop/iti_instructor/tools/imt_sdk_win_64/winarm/armgcc/bin/../lib/gcc/arm-none-eabi/7.2.1/../../../../arm-none-eabi/lib/thumb/v7e-m\libg_nano.a(lib_a-errno.o) (_impure_ptr)
c:/users/a-m-m/desktop/iti_instructor/tools/imt_sdk_win_64/winarm/armgcc/bin/../lib/gcc/arm-none-eabi/7.2.1/../../../../arm-none-eabi/lib/thumb/v7e-m\libg_nano.a(lib_a-strlen.o)
                              ./system/src/diag/Trace.o (strlen)
c:/users/a-m-m/desktop/iti_instructor/tools/imt_sdk_win_64/winarm/armgcc/bin/../lib/gcc/arm-none-eabi/7.2.1/../../../../arm-none-eabi/lib/thumb/v7e-m\libg_nano.a(lib_a-vsnprintf.o)
                              ./system/src/diag/Trace.o (vsnprintf)
c:/users/a-m-m/desktop/iti_instructor/tools/imt_sdk_win_64/winarm/armgcc/bin/../lib/gcc/arm-none-eabi/7.2.1/../../../../arm-none-eabi/lib/thumb/v7e-m\libg_nano.a(lib_a-nano-svfprintf.o)
                              c:/users/a-m-m/desktop/iti_instructor/tools/imt_sdk_win_64/winarm/armgcc/bin/../lib/gcc/arm-none-eabi/7.2.1/../../../../arm-none-eabi/lib/thumb/v7e-m\libg_nano.a(lib_a-vsnprintf.o) (_svfprintf_r)
c:/users/a-m-m/desktop/iti_instructor/tools/imt_sdk_win_64/winarm/armgcc/bin/../lib/gcc/arm-none-eabi/7.2.1/../../../../arm-none-eabi/lib/thumb/v7e-m\libg_nano.a(lib_a-nano-vfprintf_i.o)
                              c:/users/a-m-m/desktop/iti_instructor/tools/imt_sdk_win_64/winarm/armgcc/bin/../lib/gcc/arm-none-eabi/7.2.1/../../../../arm-none-eabi/lib/thumb/v7e-m\libg_nano.a(lib_a-nano-svfprintf.o) (_printf_i)
c:/users/a-m-m/desktop/iti_instructor/tools/imt_sdk_win_64/winarm/armgcc/bin/../lib/gcc/arm-none-eabi/7.2.1/../../../../arm-none-eabi/lib/thumb/v7e-m\libg_nano.a(lib_a-memchr.o)
                              c:/users/a-m-m/desktop/iti_instructor/tools/imt_sdk_win_64/winarm/armgcc/bin/../lib/gcc/arm-none-eabi/7.2.1/../../../../arm-none-eabi/lib/thumb/v7e-m\libg_nano.a(lib_a-nano-svfprintf.o) (memchr)
c:/users/a-m-m/desktop/iti_instructor/tools/imt_sdk_win_64/winarm/armgcc/bin/../lib/gcc/arm-none-eabi/7.2.1/../../../../arm-none-eabi/lib/thumb/v7e-m\libg_nano.a(lib_a-memcpy-stub.o)
                              c:/users/a-m-m/desktop/iti_instructor/tools/imt_sdk_win_64/winarm/armgcc/bin/../lib/gcc/arm-none-eabi/7.2.1/../../../../arm-none-eabi/lib/thumb/v7e-m\libg_nano.a(lib_a-nano-svfprintf.o) (memcpy)
c:/users/a-m-m/desktop/iti_instructor/tools/imt_sdk_win_64/winarm/armgcc/bin/../lib/gcc/arm-none-eabi/7.2.1/../../../../arm-none-eabi/lib/thumb/v7e-m\libg_nano.a(lib_a-memmove.o)
                              c:/users/a-m-m/desktop/iti_instructor/tools/imt_sdk_win_64/winarm/armgcc/bin/../lib/gcc/arm-none-eabi/7.2.1/../../../../arm-none-eabi/lib/thumb/v7e-m\libg_nano.a(lib_a-nano-svfprintf.o) (memmove)
c:/users/a-m-m/desktop/iti_instructor/tools/imt_sdk_win_64/winarm/armgcc/bin/../lib/gcc/arm-none-eabi/7.2.1/../../../../arm-none-eabi/lib/thumb/v7e-m\libg_nano.a(lib_a-nano-freer.o)
                              c:/users/a-m-m/desktop/iti_instructor/tools/imt_sdk_win_64/winarm/armgcc/bin/../lib/gcc/arm-none-eabi/7.2.1/../../../../arm-none-eabi/lib/thumb/v7e-m\libg_nano.a(lib_a-nano-svfprintf.o) (_free_r)
c:/users/a-m-m/desktop/iti_instructor/tools/imt_sdk_win_64/winarm/armgcc/bin/../lib/gcc/arm-none-eabi/7.2.1/../../../../arm-none-eabi/lib/thumb/v7e-m\libg_nano.a(lib_a-nano-mallocr.o)
                              c:/users/a-m-m/desktop/iti_instructor/tools/imt_sdk_win_64/winarm/armgcc/bin/../lib/gcc/arm-none-eabi/7.2.1/../../../../arm-none-eabi/lib/thumb/v7e-m\libg_nano.a(lib_a-nano-svfprintf.o) (_malloc_r)
c:/users/a-m-m/desktop/iti_instructor/tools/imt_sdk_win_64/winarm/armgcc/bin/../lib/gcc/arm-none-eabi/7.2.1/../../../../arm-none-eabi/lib/thumb/v7e-m\libg_nano.a(lib_a-nano-reallocr.o)
                              c:/users/a-m-m/desktop/iti_instructor/tools/imt_sdk_win_64/winarm/armgcc/bin/../lib/gcc/arm-none-eabi/7.2.1/../../../../arm-none-eabi/lib/thumb/v7e-m\libg_nano.a(lib_a-nano-svfprintf.o) (_realloc_r)
c:/users/a-m-m/desktop/iti_instructor/tools/imt_sdk_win_64/winarm/armgcc/bin/../lib/gcc/arm-none-eabi/7.2.1/../../../../arm-none-eabi/lib/thumb/v7e-m\libg_nano.a(lib_a-sbrkr.o)
                              c:/users/a-m-m/desktop/iti_instructor/tools/imt_sdk_win_64/winarm/armgcc/bin/../lib/gcc/arm-none-eabi/7.2.1/../../../../arm-none-eabi/lib/thumb/v7e-m\libg_nano.a(lib_a-nano-mallocr.o) (_sbrk_r)
c:/users/a-m-m/desktop/iti_instructor/tools/imt_sdk_win_64/winarm/armgcc/bin/../lib/gcc/arm-none-eabi/7.2.1/../../../../arm-none-eabi/lib/thumb/v7e-m\libg_nano.a(lib_a-mlock.o)
                              c:/users/a-m-m/desktop/iti_instructor/tools/imt_sdk_win_64/winarm/armgcc/bin/../lib/gcc/arm-none-eabi/7.2.1/../../../../arm-none-eabi/lib/thumb/v7e-m\libg_nano.a(lib_a-nano-freer.o) (__malloc_lock)
c:/users/a-m-m/desktop/iti_instructor/tools/imt_sdk_win_64/winarm/armgcc/bin/../lib/gcc/arm-none-eabi/7.2.1/../../../../arm-none-eabi/lib/thumb/v7e-m\libg_nano.a(lib_a-nano-msizer.o)
                              c:/users/a-m-m/desktop/iti_instructor/tools/imt_sdk_win_64/winarm/armgcc/bin/../lib/gcc/arm-none-eabi/7.2.1/../../../../arm-none-eabi/lib/thumb/v7e-m\libg_nano.a(lib_a-nano-reallocr.o) (_malloc_usable_size_r)

Allocating common symbols
Common symbol       size              file

errno               0x4               ./system/src/newlib/_syscalls.o
uwTick              0x4               ./system/src/stm32f4-hal/stm32f4xx_hal.o
pFlash              0x20              ./system/src/stm32f4-hal/stm32f4xx_hal_flash.o
STK_pToFunction     0x4               ./src/MCAL/SYSTICK/SYSTICK_Program.o

Discarded input sections

 .text          0x00000000        0x0 ./system/src/stm32f4-hal/stm32f4xx_hal.o
 .data          0x00000000        0x0 ./system/src/stm32f4-hal/stm32f4xx_hal.o
 .bss           0x00000000        0x0 ./system/src/stm32f4-hal/stm32f4xx_hal.o
 .text.HAL_MspInit
                0x00000000        0x2 ./system/src/stm32f4-hal/stm32f4xx_hal.o
 .text.HAL_MspDeInit
                0x00000000        0x2 ./system/src/stm32f4-hal/stm32f4xx_hal.o
 .text.HAL_DeInit
                0x00000000       0x2c ./system/src/stm32f4-hal/stm32f4xx_hal.o
 .text.HAL_IncTick
                0x00000000       0x10 ./system/src/stm32f4-hal/stm32f4xx_hal.o
 .text.HAL_Delay
                0x00000000       0x1c ./system/src/stm32f4-hal/stm32f4xx_hal.o
 .text.HAL_SuspendTick
                0x00000000       0x10 ./system/src/stm32f4-hal/stm32f4xx_hal.o
 .text.HAL_ResumeTick
                0x00000000       0x10 ./system/src/stm32f4-hal/stm32f4xx_hal.o
 .text.HAL_GetHalVersion
                0x00000000        0x8 ./system/src/stm32f4-hal/stm32f4xx_hal.o
 .text.HAL_GetREVID
                0x00000000        0xc ./system/src/stm32f4-hal/stm32f4xx_hal.o
 .text.HAL_GetDEVID
                0x00000000       0x10 ./system/src/stm32f4-hal/stm32f4xx_hal.o
 .text.HAL_DBGMCU_EnableDBGSleepMode
                0x00000000       0x10 ./system/src/stm32f4-hal/stm32f4xx_hal.o
 .text.HAL_DBGMCU_DisableDBGSleepMode
                0x00000000       0x10 ./system/src/stm32f4-hal/stm32f4xx_hal.o
 .text.HAL_DBGMCU_EnableDBGStopMode
                0x00000000       0x10 ./system/src/stm32f4-hal/stm32f4xx_hal.o
 .text.HAL_DBGMCU_DisableDBGStopMode
                0x00000000       0x10 ./system/src/stm32f4-hal/stm32f4xx_hal.o
 .text.HAL_DBGMCU_EnableDBGStandbyMode
                0x00000000       0x10 ./system/src/stm32f4-hal/stm32f4xx_hal.o
 .text.HAL_DBGMCU_DisableDBGStandbyMode
                0x00000000       0x10 ./system/src/stm32f4-hal/stm32f4xx_hal.o
 .text.HAL_EnableCompensationCell
                0x00000000       0x18 ./system/src/stm32f4-hal/stm32f4xx_hal.o
 .text.HAL_DisableCompensationCell
                0x00000000       0x1c ./system/src/stm32f4-hal/stm32f4xx_hal.o
 .text          0x00000000        0x0 ./system/src/stm32f4-hal/stm32f4xx_hal_cortex.o
 .data          0x00000000        0x0 ./system/src/stm32f4-hal/stm32f4xx_hal_cortex.o
 .bss           0x00000000        0x0 ./system/src/stm32f4-hal/stm32f4xx_hal_cortex.o
 .text.HAL_NVIC_EnableIRQ
                0x00000000       0x2c ./system/src/stm32f4-hal/stm32f4xx_hal_cortex.o
 .text.HAL_NVIC_DisableIRQ
                0x00000000       0x2c ./system/src/stm32f4-hal/stm32f4xx_hal_cortex.o
 .text.HAL_NVIC_SystemReset
                0x00000000       0x24 ./system/src/stm32f4-hal/stm32f4xx_hal_cortex.o
 .text.HAL_MPU_ConfigRegion
                0x00000000      0x120 ./system/src/stm32f4-hal/stm32f4xx_hal_cortex.o
 .text.HAL_NVIC_GetPriorityGrouping
                0x00000000       0x10 ./system/src/stm32f4-hal/stm32f4xx_hal_cortex.o
 .text.HAL_NVIC_GetPriority
                0x00000000       0x7c ./system/src/stm32f4-hal/stm32f4xx_hal_cortex.o
 .text.HAL_NVIC_SetPendingIRQ
                0x00000000       0x30 ./system/src/stm32f4-hal/stm32f4xx_hal_cortex.o
 .text.HAL_NVIC_GetPendingIRQ
                0x00000000       0x30 ./system/src/stm32f4-hal/stm32f4xx_hal_cortex.o
 .text.HAL_NVIC_ClearPendingIRQ
                0x00000000       0x30 ./system/src/stm32f4-hal/stm32f4xx_hal_cortex.o
 .text.HAL_NVIC_GetActive
                0x00000000       0x30 ./system/src/stm32f4-hal/stm32f4xx_hal_cortex.o
 .text.HAL_SYSTICK_Callback
                0x00000000        0x2 ./system/src/stm32f4-hal/stm32f4xx_hal_cortex.o
 .text.HAL_SYSTICK_IRQHandler
                0x00000000        0x8 ./system/src/stm32f4-hal/stm32f4xx_hal_cortex.o
 .text          0x00000000        0x0 ./system/src/stm32f4-hal/stm32f4xx_hal_dfsdm.o
 .data          0x00000000        0x0 ./system/src/stm32f4-hal/stm32f4xx_hal_dfsdm.o
 .bss           0x00000000        0x0 ./system/src/stm32f4-hal/stm32f4xx_hal_dfsdm.o
 .debug_info    0x00000000      0x9a3 ./system/src/stm32f4-hal/stm32f4xx_hal_dfsdm.o
 .debug_abbrev  0x00000000      0x174 ./system/src/stm32f4-hal/stm32f4xx_hal_dfsdm.o
 .debug_aranges
                0x00000000       0x18 ./system/src/stm32f4-hal/stm32f4xx_hal_dfsdm.o
 .debug_line    0x00000000      0x166 ./system/src/stm32f4-hal/stm32f4xx_hal_dfsdm.o
 .debug_str     0x00000000      0x616 ./system/src/stm32f4-hal/stm32f4xx_hal_dfsdm.o
 .comment       0x00000000       0x7f ./system/src/stm32f4-hal/stm32f4xx_hal_dfsdm.o
 .ARM.attributes
                0x00000000       0x33 ./system/src/stm32f4-hal/stm32f4xx_hal_dfsdm.o
 .text          0x00000000        0x0 ./system/src/stm32f4-hal/stm32f4xx_hal_flash.o
 .data          0x00000000        0x0 ./system/src/stm32f4-hal/stm32f4xx_hal_flash.o
 .bss           0x00000000        0x0 ./system/src/stm32f4-hal/stm32f4xx_hal_flash.o
 .text.FLASH_SetErrorCode
                0x00000000       0xa8 ./system/src/stm32f4-hal/stm32f4xx_hal_flash.o
 .text.FLASH_Program_Byte
                0x00000000       0x40 ./system/src/stm32f4-hal/stm32f4xx_hal_flash.o
 .text.FLASH_Program_HalfWord
                0x00000000       0x44 ./system/src/stm32f4-hal/stm32f4xx_hal_flash.o
 .text.FLASH_Program_Word
                0x00000000       0x44 ./system/src/stm32f4-hal/stm32f4xx_hal_flash.o
 .text.FLASH_Program_DoubleWord
                0x00000000       0x48 ./system/src/stm32f4-hal/stm32f4xx_hal_flash.o
 .text.HAL_FLASH_Program_IT
                0x00000000       0x90 ./system/src/stm32f4-hal/stm32f4xx_hal_flash.o
 .text.HAL_FLASH_EndOfOperationCallback
                0x00000000        0x2 ./system/src/stm32f4-hal/stm32f4xx_hal_flash.o
 .text.HAL_FLASH_OperationErrorCallback
                0x00000000        0x2 ./system/src/stm32f4-hal/stm32f4xx_hal_flash.o
 .text.HAL_FLASH_IRQHandler
                0x00000000       0xf8 ./system/src/stm32f4-hal/stm32f4xx_hal_flash.o
 .text.HAL_FLASH_Unlock
                0x00000000       0x24 ./system/src/stm32f4-hal/stm32f4xx_hal_flash.o
 .text.HAL_FLASH_Lock
                0x00000000       0x14 ./system/src/stm32f4-hal/stm32f4xx_hal_flash.o
 .text.HAL_FLASH_OB_Unlock
                0x00000000       0x28 ./system/src/stm32f4-hal/stm32f4xx_hal_flash.o
 .text.HAL_FLASH_OB_Lock
                0x00000000       0x14 ./system/src/stm32f4-hal/stm32f4xx_hal_flash.o
 .text.HAL_FLASH_GetError
                0x00000000        0xc ./system/src/stm32f4-hal/stm32f4xx_hal_flash.o
 .text.FLASH_WaitForLastOperation
                0x00000000       0x68 ./system/src/stm32f4-hal/stm32f4xx_hal_flash.o
 .text.HAL_FLASH_Program
                0x00000000       0x94 ./system/src/stm32f4-hal/stm32f4xx_hal_flash.o
 .text.HAL_FLASH_OB_Launch
                0x00000000       0x1c ./system/src/stm32f4-hal/stm32f4xx_hal_flash.o
 .rodata.FLASH_Program_Byte.str1.4
                0x00000000       0x30 ./system/src/stm32f4-hal/stm32f4xx_hal_flash.o
 .debug_info    0x00000000     0x10f9 ./system/src/stm32f4-hal/stm32f4xx_hal_flash.o
 .debug_abbrev  0x00000000      0x31e ./system/src/stm32f4-hal/stm32f4xx_hal_flash.o
 .debug_loc     0x00000000      0x5bc ./system/src/stm32f4-hal/stm32f4xx_hal_flash.o
 .debug_aranges
                0x00000000       0xa0 ./system/src/stm32f4-hal/stm32f4xx_hal_flash.o
 .debug_ranges  0x00000000       0x90 ./system/src/stm32f4-hal/stm32f4xx_hal_flash.o
 .debug_line    0x00000000      0x46d ./system/src/stm32f4-hal/stm32f4xx_hal_flash.o
 .debug_str     0x00000000      0x982 ./system/src/stm32f4-hal/stm32f4xx_hal_flash.o
 .comment       0x00000000       0x7f ./system/src/stm32f4-hal/stm32f4xx_hal_flash.o
 .debug_frame   0x00000000      0x18c ./system/src/stm32f4-hal/stm32f4xx_hal_flash.o
 .ARM.attributes
                0x00000000       0x33 ./system/src/stm32f4-hal/stm32f4xx_hal_flash.o
 COMMON         0x00000000       0x20 ./system/src/stm32f4-hal/stm32f4xx_hal_flash.o
 .text          0x00000000        0x0 ./system/src/stm32f4-hal/stm32f4xx_hal_gpio.o
 .data          0x00000000        0x0 ./system/src/stm32f4-hal/stm32f4xx_hal_gpio.o
 .bss           0x00000000        0x0 ./system/src/stm32f4-hal/stm32f4xx_hal_gpio.o
 .text.HAL_GPIO_Init
                0x00000000      0x2ac ./system/src/stm32f4-hal/stm32f4xx_hal_gpio.o
 .text.HAL_GPIO_DeInit
                0x00000000      0x134 ./system/src/stm32f4-hal/stm32f4xx_hal_gpio.o
 .text.HAL_GPIO_ReadPin
                0x00000000       0x28 ./system/src/stm32f4-hal/stm32f4xx_hal_gpio.o
 .text.HAL_GPIO_WritePin
                0x00000000       0x38 ./system/src/stm32f4-hal/stm32f4xx_hal_gpio.o
 .text.HAL_GPIO_TogglePin
                0x00000000       0x20 ./system/src/stm32f4-hal/stm32f4xx_hal_gpio.o
 .text.HAL_GPIO_LockPin
                0x00000000       0x48 ./system/src/stm32f4-hal/stm32f4xx_hal_gpio.o
 .text.HAL_GPIO_EXTI_Callback
                0x00000000        0x2 ./system/src/stm32f4-hal/stm32f4xx_hal_gpio.o
 .text.HAL_GPIO_EXTI_IRQHandler
                0x00000000       0x1c ./system/src/stm32f4-hal/stm32f4xx_hal_gpio.o
 .rodata.HAL_GPIO_Init.str1.4
                0x00000000       0x2f ./system/src/stm32f4-hal/stm32f4xx_hal_gpio.o
 .debug_info    0x00000000     0x123b ./system/src/stm32f4-hal/stm32f4xx_hal_gpio.o
 .debug_abbrev  0x00000000      0x2da ./system/src/stm32f4-hal/stm32f4xx_hal_gpio.o
 .debug_loc     0x00000000      0x6cb ./system/src/stm32f4-hal/stm32f4xx_hal_gpio.o
 .debug_aranges
                0x00000000       0x58 ./system/src/stm32f4-hal/stm32f4xx_hal_gpio.o
 .debug_ranges  0x00000000       0x48 ./system/src/stm32f4-hal/stm32f4xx_hal_gpio.o
 .debug_line    0x00000000      0x48c ./system/src/stm32f4-hal/stm32f4xx_hal_gpio.o
 .debug_str     0x00000000      0x93b ./system/src/stm32f4-hal/stm32f4xx_hal_gpio.o
 .comment       0x00000000       0x7f ./system/src/stm32f4-hal/stm32f4xx_hal_gpio.o
 .debug_frame   0x00000000       0xfc ./system/src/stm32f4-hal/stm32f4xx_hal_gpio.o
 .ARM.attributes
                0x00000000       0x33 ./system/src/stm32f4-hal/stm32f4xx_hal_gpio.o
 .text          0x00000000        0x0 ./system/src/stm32f4-hal/stm32f4xx_hal_iwdg.o
 .data          0x00000000        0x0 ./system/src/stm32f4-hal/stm32f4xx_hal_iwdg.o
 .bss           0x00000000        0x0 ./system/src/stm32f4-hal/stm32f4xx_hal_iwdg.o
 .text.HAL_IWDG_Init
                0x00000000       0x88 ./system/src/stm32f4-hal/stm32f4xx_hal_iwdg.o
 .text.HAL_IWDG_Refresh
                0x00000000        0xc ./system/src/stm32f4-hal/stm32f4xx_hal_iwdg.o
 .rodata.HAL_IWDG_Init.str1.4
                0x00000000       0x2f ./system/src/stm32f4-hal/stm32f4xx_hal_iwdg.o
 .debug_info    0x00000000      0xbaf ./system/src/stm32f4-hal/stm32f4xx_hal_iwdg.o
 .debug_abbrev  0x00000000      0x255 ./system/src/stm32f4-hal/stm32f4xx_hal_iwdg.o
 .debug_loc     0x00000000       0xa2 ./system/src/stm32f4-hal/stm32f4xx_hal_iwdg.o
 .debug_aranges
                0x00000000       0x28 ./system/src/stm32f4-hal/stm32f4xx_hal_iwdg.o
 .debug_ranges  0x00000000       0x18 ./system/src/stm32f4-hal/stm32f4xx_hal_iwdg.o
 .debug_line    0x00000000      0x28a ./system/src/stm32f4-hal/stm32f4xx_hal_iwdg.o
 .debug_str     0x00000000      0x6f4 ./system/src/stm32f4-hal/stm32f4xx_hal_iwdg.o
 .comment       0x00000000       0x7f ./system/src/stm32f4-hal/stm32f4xx_hal_iwdg.o
 .debug_frame   0x00000000       0x44 ./system/src/stm32f4-hal/stm32f4xx_hal_iwdg.o
 .ARM.attributes
                0x00000000       0x33 ./system/src/stm32f4-hal/stm32f4xx_hal_iwdg.o
 .text          0x00000000        0x0 ./system/src/stm32f4-hal/stm32f4xx_hal_pwr.o
 .data          0x00000000        0x0 ./system/src/stm32f4-hal/stm32f4xx_hal_pwr.o
 .bss           0x00000000        0x0 ./system/src/stm32f4-hal/stm32f4xx_hal_pwr.o
 .text.HAL_PWR_DeInit
                0x00000000       0x18 ./system/src/stm32f4-hal/stm32f4xx_hal_pwr.o
 .text.HAL_PWR_EnableBkUpAccess
                0x00000000       0x1c ./system/src/stm32f4-hal/stm32f4xx_hal_pwr.o
 .text.HAL_PWR_DisableBkUpAccess
                0x00000000       0x1c ./system/src/stm32f4-hal/stm32f4xx_hal_pwr.o
 .text.HAL_PWR_ConfigPVD
                0x00000000       0xe8 ./system/src/stm32f4-hal/stm32f4xx_hal_pwr.o
 .text.HAL_PWR_EnablePVD
                0x00000000       0x1a ./system/src/stm32f4-hal/stm32f4xx_hal_pwr.o
 .text.HAL_PWR_DisablePVD
                0x00000000       0x1a ./system/src/stm32f4-hal/stm32f4xx_hal_pwr.o
 .text.HAL_PWR_EnableWakeUpPin
                0x00000000       0x28 ./system/src/stm32f4-hal/stm32f4xx_hal_pwr.o
 .text.HAL_PWR_DisableWakeUpPin
                0x00000000       0x28 ./system/src/stm32f4-hal/stm32f4xx_hal_pwr.o
 .text.HAL_PWR_EnterSLEEPMode
                0x00000000       0x4c ./system/src/stm32f4-hal/stm32f4xx_hal_pwr.o
 .text.HAL_PWR_EnterSTOPMode
                0x00000000       0x68 ./system/src/stm32f4-hal/stm32f4xx_hal_pwr.o
 .text.HAL_PWR_EnterSTANDBYMode
                0x00000000       0x20 ./system/src/stm32f4-hal/stm32f4xx_hal_pwr.o
 .text.HAL_PWR_PVDCallback
                0x00000000        0x2 ./system/src/stm32f4-hal/stm32f4xx_hal_pwr.o
 .text.HAL_PWR_PVD_IRQHandler
                0x00000000       0x20 ./system/src/stm32f4-hal/stm32f4xx_hal_pwr.o
 .text.HAL_PWR_EnableSleepOnExit
                0x00000000       0x10 ./system/src/stm32f4-hal/stm32f4xx_hal_pwr.o
 .text.HAL_PWR_DisableSleepOnExit
                0x00000000       0x10 ./system/src/stm32f4-hal/stm32f4xx_hal_pwr.o
 .text.HAL_PWR_EnableSEVOnPend
                0x00000000       0x10 ./system/src/stm32f4-hal/stm32f4xx_hal_pwr.o
 .text.HAL_PWR_DisableSEVOnPend
                0x00000000       0x10 ./system/src/stm32f4-hal/stm32f4xx_hal_pwr.o
 .rodata.HAL_PWR_ConfigPVD.str1.4
                0x00000000       0x2e ./system/src/stm32f4-hal/stm32f4xx_hal_pwr.o
 .debug_info    0x00000000     0x1341 ./system/src/stm32f4-hal/stm32f4xx_hal_pwr.o
 .debug_abbrev  0x00000000      0x2fc ./system/src/stm32f4-hal/stm32f4xx_hal_pwr.o
 .debug_loc     0x00000000      0x282 ./system/src/stm32f4-hal/stm32f4xx_hal_pwr.o
 .debug_aranges
                0x00000000       0xa0 ./system/src/stm32f4-hal/stm32f4xx_hal_pwr.o
 .debug_ranges  0x00000000       0x90 ./system/src/stm32f4-hal/stm32f4xx_hal_pwr.o
 .debug_line    0x00000000      0x430 ./system/src/stm32f4-hal/stm32f4xx_hal_pwr.o
 .debug_str     0x00000000      0x9c3 ./system/src/stm32f4-hal/stm32f4xx_hal_pwr.o
 .comment       0x00000000       0x7f ./system/src/stm32f4-hal/stm32f4xx_hal_pwr.o
 .debug_frame   0x00000000      0x154 ./system/src/stm32f4-hal/stm32f4xx_hal_pwr.o
 .ARM.attributes
                0x00000000       0x33 ./system/src/stm32f4-hal/stm32f4xx_hal_pwr.o
 .text          0x00000000        0x0 ./system/src/stm32f4-hal/stm32f4xx_hal_rcc.o
 .data          0x00000000        0x0 ./system/src/stm32f4-hal/stm32f4xx_hal_rcc.o
 .bss           0x00000000        0x0 ./system/src/stm32f4-hal/stm32f4xx_hal_rcc.o
 .text.HAL_RCC_DeInit
                0x00000000        0x2 ./system/src/stm32f4-hal/stm32f4xx_hal_rcc.o
 .text.HAL_RCC_MCOConfig
                0x00000000      0x118 ./system/src/stm32f4-hal/stm32f4xx_hal_rcc.o
 .text.HAL_RCC_EnableCSS
                0x00000000        0xc ./system/src/stm32f4-hal/stm32f4xx_hal_rcc.o
 .text.HAL_RCC_DisableCSS
                0x00000000        0xc ./system/src/stm32f4-hal/stm32f4xx_hal_rcc.o
 .text.HAL_RCC_GetPCLK1Freq
                0x00000000       0x2c ./system/src/stm32f4-hal/stm32f4xx_hal_rcc.o
 .text.HAL_RCC_GetPCLK2Freq
                0x00000000       0x2c ./system/src/stm32f4-hal/stm32f4xx_hal_rcc.o
 .text.HAL_RCC_GetOscConfig
                0x00000000       0xfc ./system/src/stm32f4-hal/stm32f4xx_hal_rcc.o
 .text.HAL_RCC_GetClockConfig
                0x00000000       0x3c ./system/src/stm32f4-hal/stm32f4xx_hal_rcc.o
 .text.HAL_RCC_CSSCallback
                0x00000000        0x2 ./system/src/stm32f4-hal/stm32f4xx_hal_rcc.o
 .text.HAL_RCC_NMI_IRQHandler
                0x00000000       0x24 ./system/src/stm32f4-hal/stm32f4xx_hal_rcc.o
 .text          0x00000000        0x0 ./system/src/newlib/_cxx.o
 .data          0x00000000        0x0 ./system/src/newlib/_cxx.o
 .bss           0x00000000        0x0 ./system/src/newlib/_cxx.o
 .text._ZN9__gnu_cxx27__verbose_terminate_handlerEv
                0x00000000       0x10 ./system/src/newlib/_cxx.o
 .text.__cxa_pure_virtual
                0x00000000       0x10 ./system/src/newlib/_cxx.o
 .rodata._ZZ18__cxa_pure_virtualE8__func__
                0x00000000       0x13 ./system/src/newlib/_cxx.o
 .rodata._ZZN9__gnu_cxx27__verbose_terminate_handlerEvE8__func__
                0x00000000       0x1c ./system/src/newlib/_cxx.o
 .debug_info    0x00000000     0x110d ./system/src/newlib/_cxx.o
 .debug_abbrev  0x00000000      0x2e9 ./system/src/newlib/_cxx.o
 .debug_loc     0x00000000       0x40 ./system/src/newlib/_cxx.o
 .debug_aranges
                0x00000000       0x28 ./system/src/newlib/_cxx.o
 .debug_ranges  0x00000000       0x18 ./system/src/newlib/_cxx.o
 .debug_line    0x00000000      0x38b ./system/src/newlib/_cxx.o
 .debug_str     0x00000000      0x85a ./system/src/newlib/_cxx.o
 .comment       0x00000000       0x7f ./system/src/newlib/_cxx.o
 .debug_frame   0x00000000       0x40 ./system/src/newlib/_cxx.o
 .ARM.attributes
                0x00000000       0x33 ./system/src/newlib/_cxx.o
 .text          0x00000000        0x0 ./system/src/newlib/_exit.o
 .data          0x00000000        0x0 ./system/src/newlib/_exit.o
 .bss           0x00000000        0x0 ./system/src/newlib/_exit.o
 .text          0x00000000        0x0 ./system/src/newlib/_sbrk.o
 .data          0x00000000        0x0 ./system/src/newlib/_sbrk.o
 .bss           0x00000000        0x0 ./system/src/newlib/_sbrk.o
 .text          0x00000000        0x0 ./system/src/newlib/_startup.o
 .data          0x00000000        0x0 ./system/src/newlib/_startup.o
 .bss           0x00000000        0x0 ./system/src/newlib/_startup.o
 .text.__initialize_data
                0x00000000       0x10 ./system/src/newlib/_startup.o
 .text.__initialize_bss
                0x00000000        0xe ./system/src/newlib/_startup.o
 .text.__run_init_array
                0x00000000       0x48 ./system/src/newlib/_startup.o
 .text.__run_fini_array
                0x00000000       0x24 ./system/src/newlib/_startup.o
 .text          0x00000000        0x0 ./system/src/newlib/_syscalls.o
 .data          0x00000000        0x0 ./system/src/newlib/_syscalls.o
 .bss           0x00000000        0x0 ./system/src/newlib/_syscalls.o
 .text.raise    0x00000000       0x10 ./system/src/newlib/_syscalls.o
 .text.kill     0x00000000       0x10 ./system/src/newlib/_syscalls.o
 .bss.__dso_handle
                0x00000000        0x4 ./system/src/newlib/_syscalls.o
 .text          0x00000000        0x0 ./system/src/newlib/assert.o
 .data          0x00000000        0x0 ./system/src/newlib/assert.o
 .bss           0x00000000        0x0 ./system/src/newlib/assert.o
 .text.__assert_func
                0x00000000       0x38 ./system/src/newlib/assert.o
 .rodata.__assert_func.str1.4
                0x00000000       0x43 ./system/src/newlib/assert.o
 .text          0x00000000        0x0 ./system/src/diag/Trace.o
 .data          0x00000000        0x0 ./system/src/diag/Trace.o
 .bss           0x00000000        0x0 ./system/src/diag/Trace.o
 .text.trace_putchar
                0x00000000       0x1a ./system/src/diag/Trace.o
 .text.trace_dump_args
                0x00000000       0x48 ./system/src/diag/Trace.o
 .rodata.trace_dump_args.str1.4
                0x00000000       0x29 ./system/src/diag/Trace.o
 .text          0x00000000        0x0 ./system/src/diag/trace_impl.o
 .data          0x00000000        0x0 ./system/src/diag/trace_impl.o
 .bss           0x00000000        0x0 ./system/src/diag/trace_impl.o
 .text.trace_initialize
                0x00000000        0x2 ./system/src/diag/trace_impl.o
 .text          0x00000000        0x0 ./system/src/cortexm/_initialize_hardware.o
 .data          0x00000000        0x0 ./system/src/cortexm/_initialize_hardware.o
 .bss           0x00000000        0x0 ./system/src/cortexm/_initialize_hardware.o
 .text.__initialize_hardware
                0x00000000        0x8 ./system/src/cortexm/_initialize_hardware.o
 .text          0x00000000        0x0 ./system/src/cortexm/_reset_hardware.o
 .data          0x00000000        0x0 ./system/src/cortexm/_reset_hardware.o
 .bss           0x00000000        0x0 ./system/src/cortexm/_reset_hardware.o
 .text.__reset_hardware
                0x00000000       0x24 ./system/src/cortexm/_reset_hardware.o
 .debug_info    0x00000000      0xc08 ./system/src/cortexm/_reset_hardware.o
 .debug_abbrev  0x00000000      0x1e5 ./system/src/cortexm/_reset_hardware.o
 .debug_aranges
                0x00000000       0x20 ./system/src/cortexm/_reset_hardware.o
 .debug_ranges  0x00000000       0x10 ./system/src/cortexm/_reset_hardware.o
 .debug_line    0x00000000      0x1c5 ./system/src/cortexm/_reset_hardware.o
 .debug_str     0x00000000      0x6a2 ./system/src/cortexm/_reset_hardware.o
 .comment       0x00000000       0x7f ./system/src/cortexm/_reset_hardware.o
 .debug_frame   0x00000000       0x20 ./system/src/cortexm/_reset_hardware.o
 .ARM.attributes
                0x00000000       0x33 ./system/src/cortexm/_reset_hardware.o
 .text          0x00000000        0x0 ./system/src/cortexm/exception_handlers.o
 .data          0x00000000        0x0 ./system/src/cortexm/exception_handlers.o
 .bss           0x00000000        0x0 ./system/src/cortexm/exception_handlers.o
 .text          0x00000000        0x0 ./system/src/cmsis/system_stm32f4xx.o
 .data          0x00000000        0x0 ./system/src/cmsis/system_stm32f4xx.o
 .bss           0x00000000        0x0 ./system/src/cmsis/system_stm32f4xx.o
 .text          0x00000000        0x0 ./system/src/cmsis/vectors_stm32f401xc.o
 .data          0x00000000        0x0 ./system/src/cmsis/vectors_stm32f401xc.o
 .bss           0x00000000        0x0 ./system/src/cmsis/vectors_stm32f401xc.o
 .text          0x00000000        0x0 ./src/MCAL/SYSTICK/SYSTICK_Program.o
 .data          0x00000000        0x0 ./src/MCAL/SYSTICK/SYSTICK_Program.o
 .bss           0x00000000        0x0 ./src/MCAL/SYSTICK/SYSTICK_Program.o
 .text.STK_voidSetBusyWait
                0x00000000       0x4c ./src/MCAL/SYSTICK/SYSTICK_Program.o
 .text.STK_voidSetIntervalSingle
                0x00000000       0x30 ./src/MCAL/SYSTICK/SYSTICK_Program.o
 .text.STK_voidSetIntervalPeriodic
                0x00000000       0x30 ./src/MCAL/SYSTICK/SYSTICK_Program.o
 .text          0x00000000        0x0 ./src/MCAL/RCC/RCC_Program.o
 .data          0x00000000        0x0 ./src/MCAL/RCC/RCC_Program.o
 .bss           0x00000000        0x0 ./src/MCAL/RCC/RCC_Program.o
 .text.RCC_u8EnableHSE
                0x00000000       0x3c ./src/MCAL/RCC/RCC_Program.o
 .text.RCC_u8DisableHSE
                0x00000000       0x14 ./src/MCAL/RCC/RCC_Program.o
 .text.RCC_u8DisablePeripheralClk
                0x00000000       0x68 ./src/MCAL/RCC/RCC_Program.o
 .text.RCC_u8EnableHSI
                0x00000000       0x1c ./src/MCAL/RCC/RCC_Program.o
 .text.RCC_u8DisableHSI
                0x00000000       0x14 ./src/MCAL/RCC/RCC_Program.o
 .text          0x00000000        0x0 ./src/MCAL/NVIC/NVIC_Program.o
 .data          0x00000000        0x0 ./src/MCAL/NVIC/NVIC_Program.o
 .bss           0x00000000        0x0 ./src/MCAL/NVIC/NVIC_Program.o
 .text.NVIC_voidEnableInterrupt
                0x00000000       0x24 ./src/MCAL/NVIC/NVIC_Program.o
 .text.NVIC_voidDisableInterrupt
                0x00000000       0x24 ./src/MCAL/NVIC/NVIC_Program.o
 .text.NVIC_voidSetPendingFlag
                0x00000000       0x24 ./src/MCAL/NVIC/NVIC_Program.o
 .text.NVIC_voidClearPendingFlag
                0x00000000       0x24 ./src/MCAL/NVIC/NVIC_Program.o
 .text.NVIC_u8GetInterruptState
                0x00000000       0x1c ./src/MCAL/NVIC/NVIC_Program.o
 .text.NVIC_voidSetInterruptPriority
                0x00000000       0x28 ./src/MCAL/NVIC/NVIC_Program.o
 .text.NVIC_SetPriorityConfig
                0x00000000       0x20 ./src/MCAL/NVIC/NVIC_Program.o
 .bss.StaticGlobal_u8PriorityConfig
                0x00000000        0x4 ./src/MCAL/NVIC/NVIC_Program.o
 .debug_info    0x00000000      0x3f7 ./src/MCAL/NVIC/NVIC_Program.o
 .debug_abbrev  0x00000000      0x137 ./src/MCAL/NVIC/NVIC_Program.o
 .debug_loc     0x00000000      0x214 ./src/MCAL/NVIC/NVIC_Program.o
 .debug_aranges
                0x00000000       0x50 ./src/MCAL/NVIC/NVIC_Program.o
 .debug_ranges  0x00000000       0x40 ./src/MCAL/NVIC/NVIC_Program.o
 .debug_line    0x00000000       0xf6 ./src/MCAL/NVIC/NVIC_Program.o
 .debug_str     0x00000000      0x3fb ./src/MCAL/NVIC/NVIC_Program.o
 .comment       0x00000000       0x7f ./src/MCAL/NVIC/NVIC_Program.o
 .debug_frame   0x00000000       0xb0 ./src/MCAL/NVIC/NVIC_Program.o
 .ARM.attributes
                0x00000000       0x33 ./src/MCAL/NVIC/NVIC_Program.o
 .text          0x00000000        0x0 ./src/MCAL/MFLASH/MFLASH_Program.o
 .data          0x00000000        0x0 ./src/MCAL/MFLASH/MFLASH_Program.o
 .bss           0x00000000        0x0 ./src/MCAL/MFLASH/MFLASH_Program.o
 .text          0x00000000        0x0 ./src/MCAL/GPIO/GPIO_Program.o
 .data          0x00000000        0x0 ./src/MCAL/GPIO/GPIO_Program.o
 .bss           0x00000000        0x0 ./src/MCAL/GPIO/GPIO_Program.o
 .text.GPIO_u8SetPinOutputSpeed
                0x00000000       0x90 ./src/MCAL/GPIO/GPIO_Program.o
 .text.GPIO_u8SetPinPullMode
                0x00000000       0x90 ./src/MCAL/GPIO/GPIO_Program.o
 .text.GPIO_u8GetPinValue
                0x00000000       0x5c ./src/MCAL/GPIO/GPIO_Program.o
 .text.GPIO_u8ChangePortOutValue
                0x00000000       0x38 ./src/MCAL/GPIO/GPIO_Program.o
 .text.GPIO_u8DirectSetPinOutMode
                0x00000000       0xc0 ./src/MCAL/GPIO/GPIO_Program.o
 .text.GPIO_u8SetAlterFunc
                0x00000000       0xec ./src/MCAL/GPIO/GPIO_Program.o
 .text          0x00000000        0x0 ./src/HAL/LEDMX/LEDMX_Program.o
 .data          0x00000000        0x0 ./src/HAL/LEDMX/LEDMX_Program.o
 .bss           0x00000000        0x0 ./src/HAL/LEDMX/LEDMX_Program.o
 .text.LEDMX_voidClearColumns
                0x00000000       0x54 ./src/HAL/LEDMX/LEDMX_Program.o
 .text.LEDMX_voidClearRows
                0x00000000       0x54 ./src/HAL/LEDMX/LEDMX_Program.o
 .text.LEDMX_voidSetRowValue
                0x00000000       0x64 ./src/HAL/LEDMX/LEDMX_Program.o
 .text.LEDMX_voidInit
                0x00000000      0x1e4 ./src/HAL/LEDMX/LEDMX_Program.o
 .text.LEDMX_voidClearDisplay
                0x00000000        0xc ./src/HAL/LEDMX/LEDMX_Program.o
 .text.LEDMX_voidDisplay
                0x00000000       0xe6 ./src/HAL/LEDMX/LEDMX_Program.o
 .debug_info    0x00000000      0xbe0 ./src/HAL/LEDMX/LEDMX_Program.o
 .debug_abbrev  0x00000000       0xda ./src/HAL/LEDMX/LEDMX_Program.o
 .debug_loc     0x00000000       0xff ./src/HAL/LEDMX/LEDMX_Program.o
 .debug_aranges
                0x00000000       0x48 ./src/HAL/LEDMX/LEDMX_Program.o
 .debug_ranges  0x00000000       0x38 ./src/HAL/LEDMX/LEDMX_Program.o
 .debug_line    0x00000000      0x1aa ./src/HAL/LEDMX/LEDMX_Program.o
 .debug_str     0x00000000      0x2cc ./src/HAL/LEDMX/LEDMX_Program.o
 .comment       0x00000000       0x7f ./src/HAL/LEDMX/LEDMX_Program.o
 .debug_frame   0x00000000       0xa0 ./src/HAL/LEDMX/LEDMX_Program.o
 .ARM.attributes
                0x00000000       0x33 ./src/HAL/LEDMX/LEDMX_Program.o
 .text          0x00000000        0x0 ./src/APP/APP.o
 .data          0x00000000        0x0 ./src/APP/APP.o
 .bss           0x00000000        0x0 ./src/APP/APP.o
 .text          0x00000000        0x0 ./src/_initialize_hardware.o
 .data          0x00000000        0x0 ./src/_initialize_hardware.o
 .bss           0x00000000        0x0 ./src/_initialize_hardware.o
 .text          0x00000000        0x0 ./src/stm32f4xx_hal_msp.o
 .data          0x00000000        0x0 ./src/stm32f4xx_hal_msp.o
 .bss           0x00000000        0x0 ./src/stm32f4xx_hal_msp.o
 .text.HAL_MspDeInit
                0x00000000        0x2 ./src/stm32f4xx_hal_msp.o
 .text.HAL_PPP_MspInit
                0x00000000        0x2 ./src/stm32f4xx_hal_msp.o
 .text.HAL_PPP_MspDeInit
                0x00000000        0x2 ./src/stm32f4xx_hal_msp.o
 .text          0x00000000        0x0 c:/users/a-m-m/desktop/iti_instructor/tools/imt_sdk_win_64/winarm/armgcc/bin/../lib/gcc/arm-none-eabi/7.2.1/../../../../arm-none-eabi/lib/thumb/v7e-m\libg_nano.a(lib_a-errno.o)
 .data          0x00000000        0x0 c:/users/a-m-m/desktop/iti_instructor/tools/imt_sdk_win_64/winarm/armgcc/bin/../lib/gcc/arm-none-eabi/7.2.1/../../../../arm-none-eabi/lib/thumb/v7e-m\libg_nano.a(lib_a-errno.o)
 .bss           0x00000000        0x0 c:/users/a-m-m/desktop/iti_instructor/tools/imt_sdk_win_64/winarm/armgcc/bin/../lib/gcc/arm-none-eabi/7.2.1/../../../../arm-none-eabi/lib/thumb/v7e-m\libg_nano.a(lib_a-errno.o)
 .text          0x00000000        0x0 c:/users/a-m-m/desktop/iti_instructor/tools/imt_sdk_win_64/winarm/armgcc/bin/../lib/gcc/arm-none-eabi/7.2.1/../../../../arm-none-eabi/lib/thumb/v7e-m\libg_nano.a(lib_a-impure.o)
 .data          0x00000000        0x0 c:/users/a-m-m/desktop/iti_instructor/tools/imt_sdk_win_64/winarm/armgcc/bin/../lib/gcc/arm-none-eabi/7.2.1/../../../../arm-none-eabi/lib/thumb/v7e-m\libg_nano.a(lib_a-impure.o)
 .bss           0x00000000        0x0 c:/users/a-m-m/desktop/iti_instructor/tools/imt_sdk_win_64/winarm/armgcc/bin/../lib/gcc/arm-none-eabi/7.2.1/../../../../arm-none-eabi/lib/thumb/v7e-m\libg_nano.a(lib_a-impure.o)
 .rodata._global_impure_ptr
                0x00000000        0x4 c:/users/a-m-m/desktop/iti_instructor/tools/imt_sdk_win_64/winarm/armgcc/bin/../lib/gcc/arm-none-eabi/7.2.1/../../../../arm-none-eabi/lib/thumb/v7e-m\libg_nano.a(lib_a-impure.o)
 .data          0x00000000        0x0 c:/users/a-m-m/desktop/iti_instructor/tools/imt_sdk_win_64/winarm/armgcc/bin/../lib/gcc/arm-none-eabi/7.2.1/../../../../arm-none-eabi/lib/thumb/v7e-m\libg_nano.a(lib_a-strlen.o)
 .bss           0x00000000        0x0 c:/users/a-m-m/desktop/iti_instructor/tools/imt_sdk_win_64/winarm/armgcc/bin/../lib/gcc/arm-none-eabi/7.2.1/../../../../arm-none-eabi/lib/thumb/v7e-m\libg_nano.a(lib_a-strlen.o)
 .text          0x00000000        0x0 c:/users/a-m-m/desktop/iti_instructor/tools/imt_sdk_win_64/winarm/armgcc/bin/../lib/gcc/arm-none-eabi/7.2.1/../../../../arm-none-eabi/lib/thumb/v7e-m\libg_nano.a(lib_a-vsnprintf.o)
 .data          0x00000000        0x0 c:/users/a-m-m/desktop/iti_instructor/tools/imt_sdk_win_64/winarm/armgcc/bin/../lib/gcc/arm-none-eabi/7.2.1/../../../../arm-none-eabi/lib/thumb/v7e-m\libg_nano.a(lib_a-vsnprintf.o)
 .bss           0x00000000        0x0 c:/users/a-m-m/desktop/iti_instructor/tools/imt_sdk_win_64/winarm/armgcc/bin/../lib/gcc/arm-none-eabi/7.2.1/../../../../arm-none-eabi/lib/thumb/v7e-m\libg_nano.a(lib_a-vsnprintf.o)
 .text          0x00000000        0x0 c:/users/a-m-m/desktop/iti_instructor/tools/imt_sdk_win_64/winarm/armgcc/bin/../lib/gcc/arm-none-eabi/7.2.1/../../../../arm-none-eabi/lib/thumb/v7e-m\libg_nano.a(lib_a-nano-svfprintf.o)
 .data          0x00000000        0x0 c:/users/a-m-m/desktop/iti_instructor/tools/imt_sdk_win_64/winarm/armgcc/bin/../lib/gcc/arm-none-eabi/7.2.1/../../../../arm-none-eabi/lib/thumb/v7e-m\libg_nano.a(lib_a-nano-svfprintf.o)
 .bss           0x00000000        0x0 c:/users/a-m-m/desktop/iti_instructor/tools/imt_sdk_win_64/winarm/armgcc/bin/../lib/gcc/arm-none-eabi/7.2.1/../../../../arm-none-eabi/lib/thumb/v7e-m\libg_nano.a(lib_a-nano-svfprintf.o)
 .text.__ssprint_r
                0x00000000       0xf0 c:/users/a-m-m/desktop/iti_instructor/tools/imt_sdk_win_64/winarm/armgcc/bin/../lib/gcc/arm-none-eabi/7.2.1/../../../../arm-none-eabi/lib/thumb/v7e-m\libg_nano.a(lib_a-nano-svfprintf.o)
 .text          0x00000000        0x0 c:/users/a-m-m/desktop/iti_instructor/tools/imt_sdk_win_64/winarm/armgcc/bin/../lib/gcc/arm-none-eabi/7.2.1/../../../../arm-none-eabi/lib/thumb/v7e-m\libg_nano.a(lib_a-nano-vfprintf_i.o)
 .data          0x00000000        0x0 c:/users/a-m-m/desktop/iti_instructor/tools/imt_sdk_win_64/winarm/armgcc/bin/../lib/gcc/arm-none-eabi/7.2.1/../../../../arm-none-eabi/lib/thumb/v7e-m\libg_nano.a(lib_a-nano-vfprintf_i.o)
 .bss           0x00000000        0x0 c:/users/a-m-m/desktop/iti_instructor/tools/imt_sdk_win_64/winarm/armgcc/bin/../lib/gcc/arm-none-eabi/7.2.1/../../../../arm-none-eabi/lib/thumb/v7e-m\libg_nano.a(lib_a-nano-vfprintf_i.o)
 .data          0x00000000        0x0 c:/users/a-m-m/desktop/iti_instructor/tools/imt_sdk_win_64/winarm/armgcc/bin/../lib/gcc/arm-none-eabi/7.2.1/../../../../arm-none-eabi/lib/thumb/v7e-m\libg_nano.a(lib_a-memchr.o)
 .bss           0x00000000        0x0 c:/users/a-m-m/desktop/iti_instructor/tools/imt_sdk_win_64/winarm/armgcc/bin/../lib/gcc/arm-none-eabi/7.2.1/../../../../arm-none-eabi/lib/thumb/v7e-m\libg_nano.a(lib_a-memchr.o)
 .text          0x00000000        0x0 c:/users/a-m-m/desktop/iti_instructor/tools/imt_sdk_win_64/winarm/armgcc/bin/../lib/gcc/arm-none-eabi/7.2.1/../../../../arm-none-eabi/lib/thumb/v7e-m\libg_nano.a(lib_a-memcpy-stub.o)
 .data          0x00000000        0x0 c:/users/a-m-m/desktop/iti_instructor/tools/imt_sdk_win_64/winarm/armgcc/bin/../lib/gcc/arm-none-eabi/7.2.1/../../../../arm-none-eabi/lib/thumb/v7e-m\libg_nano.a(lib_a-memcpy-stub.o)
 .bss           0x00000000        0x0 c:/users/a-m-m/desktop/iti_instructor/tools/imt_sdk_win_64/winarm/armgcc/bin/../lib/gcc/arm-none-eabi/7.2.1/../../../../arm-none-eabi/lib/thumb/v7e-m\libg_nano.a(lib_a-memcpy-stub.o)
 .text          0x00000000        0x0 c:/users/a-m-m/desktop/iti_instructor/tools/imt_sdk_win_64/winarm/armgcc/bin/../lib/gcc/arm-none-eabi/7.2.1/../../../../arm-none-eabi/lib/thumb/v7e-m\libg_nano.a(lib_a-memmove.o)
 .data          0x00000000        0x0 c:/users/a-m-m/desktop/iti_instructor/tools/imt_sdk_win_64/winarm/armgcc/bin/../lib/gcc/arm-none-eabi/7.2.1/../../../../arm-none-eabi/lib/thumb/v7e-m\libg_nano.a(lib_a-memmove.o)
 .bss           0x00000000        0x0 c:/users/a-m-m/desktop/iti_instructor/tools/imt_sdk_win_64/winarm/armgcc/bin/../lib/gcc/arm-none-eabi/7.2.1/../../../../arm-none-eabi/lib/thumb/v7e-m\libg_nano.a(lib_a-memmove.o)
 .text          0x00000000        0x0 c:/users/a-m-m/desktop/iti_instructor/tools/imt_sdk_win_64/winarm/armgcc/bin/../lib/gcc/arm-none-eabi/7.2.1/../../../../arm-none-eabi/lib/thumb/v7e-m\libg_nano.a(lib_a-nano-freer.o)
 .data          0x00000000        0x0 c:/users/a-m-m/desktop/iti_instructor/tools/imt_sdk_win_64/winarm/armgcc/bin/../lib/gcc/arm-none-eabi/7.2.1/../../../../arm-none-eabi/lib/thumb/v7e-m\libg_nano.a(lib_a-nano-freer.o)
 .bss           0x00000000        0x0 c:/users/a-m-m/desktop/iti_instructor/tools/imt_sdk_win_64/winarm/armgcc/bin/../lib/gcc/arm-none-eabi/7.2.1/../../../../arm-none-eabi/lib/thumb/v7e-m\libg_nano.a(lib_a-nano-freer.o)
 .text          0x00000000        0x0 c:/users/a-m-m/desktop/iti_instructor/tools/imt_sdk_win_64/winarm/armgcc/bin/../lib/gcc/arm-none-eabi/7.2.1/../../../../arm-none-eabi/lib/thumb/v7e-m\libg_nano.a(lib_a-nano-mallocr.o)
 .data          0x00000000        0x0 c:/users/a-m-m/desktop/iti_instructor/tools/imt_sdk_win_64/winarm/armgcc/bin/../lib/gcc/arm-none-eabi/7.2.1/../../../../arm-none-eabi/lib/thumb/v7e-m\libg_nano.a(lib_a-nano-mallocr.o)
 .bss           0x00000000        0x0 c:/users/a-m-m/desktop/iti_instructor/tools/imt_sdk_win_64/winarm/armgcc/bin/../lib/gcc/arm-none-eabi/7.2.1/../../../../arm-none-eabi/lib/thumb/v7e-m\libg_nano.a(lib_a-nano-mallocr.o)
 .text          0x00000000        0x0 c:/users/a-m-m/desktop/iti_instructor/tools/imt_sdk_win_64/winarm/armgcc/bin/../lib/gcc/arm-none-eabi/7.2.1/../../../../arm-none-eabi/lib/thumb/v7e-m\libg_nano.a(lib_a-nano-reallocr.o)
 .data          0x00000000        0x0 c:/users/a-m-m/desktop/iti_instructor/tools/imt_sdk_win_64/winarm/armgcc/bin/../lib/gcc/arm-none-eabi/7.2.1/../../../../arm-none-eabi/lib/thumb/v7e-m\libg_nano.a(lib_a-nano-reallocr.o)
 .bss           0x00000000        0x0 c:/users/a-m-m/desktop/iti_instructor/tools/imt_sdk_win_64/winarm/armgcc/bin/../lib/gcc/arm-none-eabi/7.2.1/../../../../arm-none-eabi/lib/thumb/v7e-m\libg_nano.a(lib_a-nano-reallocr.o)
 .text          0x00000000        0x0 c:/users/a-m-m/desktop/iti_instructor/tools/imt_sdk_win_64/winarm/armgcc/bin/../lib/gcc/arm-none-eabi/7.2.1/../../../../arm-none-eabi/lib/thumb/v7e-m\libg_nano.a(lib_a-sbrkr.o)
 .data          0x00000000        0x0 c:/users/a-m-m/desktop/iti_instructor/tools/imt_sdk_win_64/winarm/armgcc/bin/../lib/gcc/arm-none-eabi/7.2.1/../../../../arm-none-eabi/lib/thumb/v7e-m\libg_nano.a(lib_a-sbrkr.o)
 .bss           0x00000000        0x0 c:/users/a-m-m/desktop/iti_instructor/tools/imt_sdk_win_64/winarm/armgcc/bin/../lib/gcc/arm-none-eabi/7.2.1/../../../../arm-none-eabi/lib/thumb/v7e-m\libg_nano.a(lib_a-sbrkr.o)
 .text          0x00000000        0x0 c:/users/a-m-m/desktop/iti_instructor/tools/imt_sdk_win_64/winarm/armgcc/bin/../lib/gcc/arm-none-eabi/7.2.1/../../../../arm-none-eabi/lib/thumb/v7e-m\libg_nano.a(lib_a-mlock.o)
 .data          0x00000000        0x0 c:/users/a-m-m/desktop/iti_instructor/tools/imt_sdk_win_64/winarm/armgcc/bin/../lib/gcc/arm-none-eabi/7.2.1/../../../../arm-none-eabi/lib/thumb/v7e-m\libg_nano.a(lib_a-mlock.o)
 .bss           0x00000000        0x0 c:/users/a-m-m/desktop/iti_instructor/tools/imt_sdk_win_64/winarm/armgcc/bin/../lib/gcc/arm-none-eabi/7.2.1/../../../../arm-none-eabi/lib/thumb/v7e-m\libg_nano.a(lib_a-mlock.o)
 .text          0x00000000        0x0 c:/users/a-m-m/desktop/iti_instructor/tools/imt_sdk_win_64/winarm/armgcc/bin/../lib/gcc/arm-none-eabi/7.2.1/../../../../arm-none-eabi/lib/thumb/v7e-m\libg_nano.a(lib_a-nano-msizer.o)
 .data          0x00000000        0x0 c:/users/a-m-m/desktop/iti_instructor/tools/imt_sdk_win_64/winarm/armgcc/bin/../lib/gcc/arm-none-eabi/7.2.1/../../../../arm-none-eabi/lib/thumb/v7e-m\libg_nano.a(lib_a-nano-msizer.o)
 .bss           0x00000000        0x0 c:/users/a-m-m/desktop/iti_instructor/tools/imt_sdk_win_64/winarm/armgcc/bin/../lib/gcc/arm-none-eabi/7.2.1/../../../../arm-none-eabi/lib/thumb/v7e-m\libg_nano.a(lib_a-nano-msizer.o)

Memory Configuration

Name             Origin             Length             Attributes
RAM              0x20000000         0x00010000         xrw
CCMRAM           0x10000000         0x00000000         xrw
FLASH            0x08000000         0x00040000         xr
FLASHB1          0x00000000         0x00000000         xr
EXTMEMB0         0x00000000         0x00000000         xr
EXTMEMB1         0x00000000         0x00000000         xr
EXTMEMB2         0x00000000         0x00000000         xr
EXTMEMB3         0x00000000         0x00000000         xr
*default*        0x00000000         0xffffffff

Linker script and memory map

LOAD ./system/src/stm32f4-hal/stm32f4xx_hal.o
LOAD ./system/src/stm32f4-hal/stm32f4xx_hal_cortex.o
LOAD ./system/src/stm32f4-hal/stm32f4xx_hal_dfsdm.o
LOAD ./system/src/stm32f4-hal/stm32f4xx_hal_flash.o
LOAD ./system/src/stm32f4-hal/stm32f4xx_hal_gpio.o
LOAD ./system/src/stm32f4-hal/stm32f4xx_hal_iwdg.o
LOAD ./system/src/stm32f4-hal/stm32f4xx_hal_pwr.o
LOAD ./system/src/stm32f4-hal/stm32f4xx_hal_rcc.o
LOAD ./system/src/newlib/_cxx.o
LOAD ./system/src/newlib/_exit.o
LOAD ./system/src/newlib/_sbrk.o
LOAD ./system/src/newlib/_startup.o
LOAD ./system/src/newlib/_syscalls.o
LOAD ./system/src/newlib/assert.o
LOAD ./system/src/diag/Trace.o
LOAD ./system/src/diag/trace_impl.o
LOAD ./system/src/cortexm/_initialize_hardware.o
LOAD ./system/src/cortexm/_reset_hardware.o
LOAD ./system/src/cortexm/exception_handlers.o
LOAD ./system/src/cmsis/system_stm32f4xx.o
LOAD ./system/src/cmsis/vectors_stm32f401xc.o
LOAD ./src/MCAL/SYSTICK/SYSTICK_Program.o
LOAD ./src/MCAL/RCC/RCC_Program.o
LOAD ./src/MCAL/NVIC/NVIC_Program.o
LOAD ./src/MCAL/MFLASH/MFLASH_Program.o
LOAD ./src/MCAL/GPIO/GPIO_Program.o
LOAD ./src/HAL/LEDMX/LEDMX_Program.o
LOAD ./src/APP/APP.o
LOAD ./src/_initialize_hardware.o
LOAD ./src/stm32f4xx_hal_msp.o
LOAD c:/users/a-m-m/desktop/iti_instructor/tools/imt_sdk_win_64/winarm/armgcc/bin/../lib/gcc/arm-none-eabi/7.2.1/../../../../arm-none-eabi/lib/thumb/v7e-m\libstdc++_nano.a
LOAD c:/users/a-m-m/desktop/iti_instructor/tools/imt_sdk_win_64/winarm/armgcc/bin/../lib/gcc/arm-none-eabi/7.2.1/../../../../arm-none-eabi/lib/thumb/v7e-m\libm.a
START GROUP
LOAD c:/users/a-m-m/desktop/iti_instructor/tools/imt_sdk_win_64/winarm/armgcc/bin/../lib/gcc/arm-none-eabi/7.2.1/thumb/v7e-m\libgcc.a
LOAD c:/users/a-m-m/desktop/iti_instructor/tools/imt_sdk_win_64/winarm/armgcc/bin/../lib/gcc/arm-none-eabi/7.2.1/../../../../arm-none-eabi/lib/thumb/v7e-m\libg_nano.a
LOAD c:/users/a-m-m/desktop/iti_instructor/tools/imt_sdk_win_64/winarm/armgcc/bin/../lib/gcc/arm-none-eabi/7.2.1/../../../../arm-none-eabi/lib/thumb/v7e-m\libc_nano.a
END GROUP
START GROUP
LOAD c:/users/a-m-m/desktop/iti_instructor/tools/imt_sdk_win_64/winarm/armgcc/bin/../lib/gcc/arm-none-eabi/7.2.1/thumb/v7e-m\libgcc.a
LOAD c:/users/a-m-m/desktop/iti_instructor/tools/imt_sdk_win_64/winarm/armgcc/bin/../lib/gcc/arm-none-eabi/7.2.1/../../../../arm-none-eabi/lib/thumb/v7e-m\libc_nano.a
END GROUP
                0x20010000                __stack = (ORIGIN (RAM) + LENGTH (RAM))
                0x20010000                _estack = __stack
                0x00000400                __Main_Stack_Size = 0x400
                [!provide]                PROVIDE (_Main_Stack_Size, __Main_Stack_Size)
                0x2000fc00                __Main_Stack_Limit = (__stack - __Main_Stack_Size)
                [!provide]                PROVIDE (_Main_Stack_Limit, __Main_Stack_Limit)
                0x00000100                _Minimum_Stack_Size = 0x100
                0x20000120                PROVIDE (_Heap_Begin, _end_noinit)
                0x2000fc00                PROVIDE (_Heap_Limit, (__stack - __Main_Stack_Size))

.isr_vector     0x08000000      0x3f4
 FILL mask 0xff
                0x08000000                __vectors_start = ABSOLUTE (.)
                0x08000000                __vectors_start__ = ABSOLUTE (.)
 *(.isr_vector)
 .isr_vector    0x08000000      0x194 ./system/src/cmsis/vectors_stm32f401xc.o
                0x08000000                __isr_vectors
 *(.cfmconfig)
 *(.after_vectors .after_vectors.*)
 .after_vectors
                0x08000194      0x130 ./system/src/newlib/_startup.o
                0x08000194                _start
 .after_vectors
                0x080002c4      0x12c ./system/src/cortexm/exception_handlers.o
                0x080002c4                Reset_Handler
                0x080002ca                NMI_Handler
                0x080002ce                HardFault_Handler
                0x080002e2                HardFault_Handler_C
                0x08000340                MemManage_Handler
                0x08000344                BusFault_Handler
                0x08000358                BusFault_Handler_C
                0x0800038c                UsageFault_Handler
                0x080003a0                UsageFault_Handler_C
                0x080003d4                SVC_Handler
                0x080003d8                DebugMon_Handler
                0x080003dc                PendSV_Handler
 .after_vectors
                0x080003f0        0x4 ./system/src/cmsis/vectors_stm32f401xc.o
                0x080003f0                RTC_Alarm_IRQHandler
                0x080003f0                EXTI2_IRQHandler
                0x080003f0                SPI4_IRQHandler
                0x080003f0                TIM1_CC_IRQHandler
                0x080003f0                DMA2_Stream5_IRQHandler
                0x080003f0                DMA1_Stream5_IRQHandler
                0x080003f0                PVD_IRQHandler
                0x080003f0                SDIO_IRQHandler
                0x080003f0                TAMP_STAMP_IRQHandler
                0x080003f0                EXTI3_IRQHandler
                0x080003f0                TIM1_UP_TIM10_IRQHandler
                0x080003f0                I2C3_ER_IRQHandler
                0x080003f0                EXTI0_IRQHandler
                0x080003f0                I2C2_EV_IRQHandler
                0x080003f0                DMA1_Stream2_IRQHandler
                0x080003f0                FPU_IRQHandler
                0x080003f0                DMA2_Stream2_IRQHandler
                0x080003f0                SPI1_IRQHandler
                0x080003f0                TIM1_BRK_TIM9_IRQHandler
                0x080003f0                DMA2_Stream3_IRQHandler
                0x080003f0                USART6_IRQHandler
                0x080003f0                DMA2_Stream0_IRQHandler
                0x080003f0                TIM4_IRQHandler
                0x080003f0                I2C1_EV_IRQHandler
                0x080003f0                DMA1_Stream6_IRQHandler
                0x080003f0                DMA1_Stream1_IRQHandler
                0x080003f0                TIM3_IRQHandler
                0x080003f0                RCC_IRQHandler
                0x080003f0                Default_Handler
                0x080003f0                EXTI15_10_IRQHandler
                0x080003f0                ADC_IRQHandler
                0x080003f0                DMA1_Stream7_IRQHandler
                0x080003f0                TIM5_IRQHandler
                0x080003f0                DMA2_Stream7_IRQHandler
                0x080003f0                I2C3_EV_IRQHandler
                0x080003f0                EXTI9_5_IRQHandler
                0x080003f0                RTC_WKUP_IRQHandler
                0x080003f0                SPI2_IRQHandler
                0x080003f0                DMA1_Stream0_IRQHandler
                0x080003f0                EXTI4_IRQHandler
                0x080003f0                WWDG_IRQHandler
                0x080003f0                TIM2_IRQHandler
                0x080003f0                OTG_FS_WKUP_IRQHandler
                0x080003f0                TIM1_TRG_COM_TIM11_IRQHandler
                0x080003f0                EXTI1_IRQHandler
                0x080003f0                USART2_IRQHandler
                0x080003f0                I2C2_ER_IRQHandler
                0x080003f0                DMA2_Stream1_IRQHandler
                0x080003f0                FLASH_IRQHandler
                0x080003f0                DMA2_Stream4_IRQHandler
                0x080003f0                USART1_IRQHandler
                0x080003f0                OTG_FS_IRQHandler
                0x080003f0                SPI3_IRQHandler
                0x080003f0                DMA1_Stream4_IRQHandler
                0x080003f0                I2C1_ER_IRQHandler
                0x080003f0                DMA2_Stream6_IRQHandler
                0x080003f0                DMA1_Stream3_IRQHandler

.inits          0x080003f4       0x28
                0x080003f4                __data_regions_array_start = .
                0x080003f4        0x4 LONG 0x800208c LOADADDR (.data)
                0x080003f8        0x4 LONG 0x20000000 ADDR (.data)
                0x080003fc        0x4 LONG 0x20000078 (ADDR (.data) + SIZEOF (.data))
                0x08000400        0x4 LONG 0x800208c LOADADDR (.data_CCMRAM)
                0x08000404        0x4 LONG 0x10000000 ADDR (.data_CCMRAM)
                0x08000408        0x4 LONG 0x10000000 (ADDR (.data_CCMRAM) + SIZEOF (.data_CCMRAM))
                0x0800040c                __data_regions_array_end = .
                0x0800040c                __bss_regions_array_start = .
                0x0800040c        0x4 LONG 0x20000078 ADDR (.bss)
                0x08000410        0x4 LONG 0x20000120 (ADDR (.bss) + SIZEOF (.bss))
                0x08000414        0x4 LONG 0x10000000 ADDR (.bss_CCMRAM)
                0x08000418        0x4 LONG 0x10000000 (ADDR (.bss_CCMRAM) + SIZEOF (.bss_CCMRAM))
                0x0800041c                __bss_regions_array_end = .
 *(.init)
 *(.fini)
                0x0800041c                . = ALIGN (0x4)
                0x0800041c                PROVIDE (__preinit_array_start, .)
 *(.preinit_array_sysinit .preinit_array_sysinit.*)
 *(.preinit_array_platform .preinit_array_platform.*)
 *(.preinit_array .preinit_array.*)
                0x0800041c                PROVIDE (__preinit_array_end, .)
                0x0800041c                . = ALIGN (0x4)
                0x0800041c                PROVIDE (__init_array_start, .)
 *(SORT_BY_NAME(.init_array.*))
 *(.init_array)
                0x0800041c                PROVIDE (__init_array_end, .)
                0x0800041c                . = ALIGN (0x4)
                0x0800041c                PROVIDE (__fini_array_start, .)
 *(SORT_BY_NAME(.fini_array.*))
 *(.fini_array)
                0x0800041c                PROVIDE (__fini_array_end, .)

.flashtext
 *(.flashtext .flashtext.*)

.text           0x08000420     0x1c6b
 *(.text .text.*)
 .text.HAL_InitTick
                0x08000420       0x2c ./system/src/stm32f4-hal/stm32f4xx_hal.o
                0x08000420                HAL_InitTick
 .text.HAL_Init
                0x0800044c       0x34 ./system/src/stm32f4-hal/stm32f4xx_hal.o
                0x0800044c                HAL_Init
 .text.HAL_GetTick
                0x08000480        0xc ./system/src/stm32f4-hal/stm32f4xx_hal.o
                0x08000480                HAL_GetTick
 .text.HAL_NVIC_SetPriorityGrouping
                0x0800048c       0x3c ./system/src/stm32f4-hal/stm32f4xx_hal_cortex.o
                0x0800048c                HAL_NVIC_SetPriorityGrouping
 .text.HAL_NVIC_SetPriority
                0x080004c8       0x8c ./system/src/stm32f4-hal/stm32f4xx_hal_cortex.o
                0x080004c8                HAL_NVIC_SetPriority
 .text.HAL_SYSTICK_Config
                0x08000554       0x2c ./system/src/stm32f4-hal/stm32f4xx_hal_cortex.o
                0x08000554                HAL_SYSTICK_Config
 .text.HAL_SYSTICK_CLKSourceConfig
                0x08000580       0x3c ./system/src/stm32f4-hal/stm32f4xx_hal_cortex.o
                0x08000580                HAL_SYSTICK_CLKSourceConfig
 .text.HAL_RCC_OscConfig
                0x080005bc      0x43c ./system/src/stm32f4-hal/stm32f4xx_hal_rcc.o
                0x080005bc                HAL_RCC_OscConfig
 .text.HAL_RCC_GetSysClockFreq
                0x080009f8       0x94 ./system/src/stm32f4-hal/stm32f4xx_hal_rcc.o
                0x080009f8                HAL_RCC_GetSysClockFreq
 .text.HAL_RCC_ClockConfig
                0x08000a8c      0x258 ./system/src/stm32f4-hal/stm32f4xx_hal_rcc.o
                0x08000a8c                HAL_RCC_ClockConfig
 .text.HAL_RCC_GetHCLKFreq
                0x08000ce4        0xc ./system/src/stm32f4-hal/stm32f4xx_hal_rcc.o
                0x08000ce4                HAL_RCC_GetHCLKFreq
 .text._exit    0x08000cf0        0x2 ./system/src/newlib/_exit.o
                0x08000cf0                _exit
 *fill*         0x08000cf2        0x2 
 .text.abort    0x08000cf4       0x14 ./system/src/newlib/_exit.o
                0x08000cf4                abort
 .text._sbrk    0x08000d08       0x44 ./system/src/newlib/_sbrk.o
                0x08000d08                _sbrk
 .text.__initialize_args
                0x08000d4c       0x10 ./system/src/newlib/_syscalls.o
                0x08000d4c                __initialize_args
 .text.assert_failed
                0x08000d5c       0x14 ./system/src/newlib/assert.o
                0x08000d5c                assert_failed
 .text.trace_printf
                0x08000d70       0x30 ./system/src/diag/Trace.o
                0x08000d70                trace_printf
 .text.trace_puts
                0x08000da0       0x20 ./system/src/diag/Trace.o
                0x08000da0                trace_puts
 .text._trace_write_semihosting_debug
                0x08000dc0       0x60 ./system/src/diag/trace_impl.o
 .text.trace_write
                0x08000e20        0x8 ./system/src/diag/trace_impl.o
                0x08000e20                trace_write
 .text.__initialize_hardware_early
                0x08000e28       0x18 ./system/src/cortexm/_initialize_hardware.o
                0x08000e28                __initialize_hardware_early
 .text.dumpExceptionStack
                0x08000e40       0xf4 ./system/src/cortexm/exception_handlers.o
                0x08000e40                dumpExceptionStack
 .text.isSemihosting
                0x08000f34       0x20 ./system/src/cortexm/exception_handlers.o
                0x08000f34                isSemihosting
 .text.SystemInit
                0x08000f54       0x40 ./system/src/cmsis/system_stm32f4xx.o
                0x08000f54                SystemInit
 .text.SystemCoreClockUpdate
                0x08000f94       0xa0 ./system/src/cmsis/system_stm32f4xx.o
                0x08000f94                SystemCoreClockUpdate
 .text.Private_voidDisableSTK
                0x08001034       0x1c ./src/MCAL/SYSTICK/SYSTICK_Program.o
 .text.STK_void_Init
                0x08001050       0x30 ./src/MCAL/SYSTICK/SYSTICK_Program.o
                0x08001050                STK_void_Init
 .text.SysTick_Handler
                0x08001080       0x34 ./src/MCAL/SYSTICK/SYSTICK_Program.o
                0x08001080                SysTick_Handler
 .text.RCC_u8InitSysClk
                0x080010b4       0x28 ./src/MCAL/RCC/RCC_Program.o
                0x080010b4                RCC_u8InitSysClk
 .text.RCC_u8EnablePeripheralClk
                0x080010dc       0x60 ./src/MCAL/RCC/RCC_Program.o
                0x080010dc                RCC_u8EnablePeripheralClk
 .text.MFlash_u8Unlock
                0x0800113c       0x30 ./src/MCAL/MFLASH/MFLASH_Program.o
 .text.MFlash_voidLock
                0x0800116c       0x10 ./src/MCAL/MFLASH/MFLASH_Program.o
 .text.MFlash_u8EraseSector
                0x0800117c       0x7c ./src/MCAL/MFLASH/MFLASH_Program.o
                0x0800117c                MFlash_u8EraseSector
 .text.MFlash_u8Write
                0x080011f8       0x88 ./src/MCAL/MFLASH/MFLASH_Program.o
                0x080011f8                MFlash_u8Write
 .text.GPIO_u8SetPinMode
                0x08001280       0x90 ./src/MCAL/GPIO/GPIO_Program.o
                0x08001280                GPIO_u8SetPinMode
 .text.GPIO_u8SetPinOutputType
                0x08001310       0x84 ./src/MCAL/GPIO/GPIO_Program.o
                0x08001310                GPIO_u8SetPinOutputType
 .text.GPIO_u8ChangePinOutMode
                0x08001394       0x84 ./src/MCAL/GPIO/GPIO_Program.o
                0x08001394                GPIO_u8ChangePinOutMode
 .text.main     0x08001418       0x64 ./src/APP/APP.o
                0x08001418                main
 .text.SystemClock_Config
                0x0800147c       0x98 ./src/_initialize_hardware.o
                0x0800147c                SystemClock_Config
 .text.__initialize_hardware
                0x08001514       0x10 ./src/_initialize_hardware.o
                0x08001514                __initialize_hardware
 .text.HAL_MspInit
                0x08001524        0x2 ./src/stm32f4xx_hal_msp.o
                0x08001524                HAL_MspInit
 *fill*         0x08001526        0x2 
 .text.__errno  0x08001528        0xc c:/users/a-m-m/desktop/iti_instructor/tools/imt_sdk_win_64/winarm/armgcc/bin/../lib/gcc/arm-none-eabi/7.2.1/../../../../arm-none-eabi/lib/thumb/v7e-m\libg_nano.a(lib_a-errno.o)
                0x08001528                __errno
 .text          0x08001534       0x10 c:/users/a-m-m/desktop/iti_instructor/tools/imt_sdk_win_64/winarm/armgcc/bin/../lib/gcc/arm-none-eabi/7.2.1/../../../../arm-none-eabi/lib/thumb/v7e-m\libg_nano.a(lib_a-strlen.o)
                0x08001534                strlen
 .text._vsnprintf_r
                0x08001544       0x58 c:/users/a-m-m/desktop/iti_instructor/tools/imt_sdk_win_64/winarm/armgcc/bin/../lib/gcc/arm-none-eabi/7.2.1/../../../../arm-none-eabi/lib/thumb/v7e-m\libg_nano.a(lib_a-vsnprintf.o)
                0x08001544                _vsniprintf_r
                0x08001544                _vsnprintf_r
 .text.vsnprintf
                0x0800159c       0x1c c:/users/a-m-m/desktop/iti_instructor/tools/imt_sdk_win_64/winarm/armgcc/bin/../lib/gcc/arm-none-eabi/7.2.1/../../../../arm-none-eabi/lib/thumb/v7e-m\libg_nano.a(lib_a-vsnprintf.o)
                0x0800159c                vsniprintf
                0x0800159c                vsnprintf
 .text.__ssputs_r
                0x080015b8       0xb4 c:/users/a-m-m/desktop/iti_instructor/tools/imt_sdk_win_64/winarm/armgcc/bin/../lib/gcc/arm-none-eabi/7.2.1/../../../../arm-none-eabi/lib/thumb/v7e-m\libg_nano.a(lib_a-nano-svfprintf.o)
                0x080015b8                __ssputs_r
 .text._svfprintf_r
                0x0800166c      0x1ec c:/users/a-m-m/desktop/iti_instructor/tools/imt_sdk_win_64/winarm/armgcc/bin/../lib/gcc/arm-none-eabi/7.2.1/../../../../arm-none-eabi/lib/thumb/v7e-m\libg_nano.a(lib_a-nano-svfprintf.o)
                0x0800166c                _svfiprintf_r
                0x0800166c                _svfprintf_r
 .text._printf_common
                0x08001858       0xea c:/users/a-m-m/desktop/iti_instructor/tools/imt_sdk_win_64/winarm/armgcc/bin/../lib/gcc/arm-none-eabi/7.2.1/../../../../arm-none-eabi/lib/thumb/v7e-m\libg_nano.a(lib_a-nano-vfprintf_i.o)
                0x08001858                _printf_common
 *fill*         0x08001942        0x2 
 .text._printf_i
                0x08001944      0x224 c:/users/a-m-m/desktop/iti_instructor/tools/imt_sdk_win_64/winarm/armgcc/bin/../lib/gcc/arm-none-eabi/7.2.1/../../../../arm-none-eabi/lib/thumb/v7e-m\libg_nano.a(lib_a-nano-vfprintf_i.o)
                0x08001944                _printf_i
 *fill*         0x08001b68        0x8 
 .text          0x08001b70       0xa0 c:/users/a-m-m/desktop/iti_instructor/tools/imt_sdk_win_64/winarm/armgcc/bin/../lib/gcc/arm-none-eabi/7.2.1/../../../../arm-none-eabi/lib/thumb/v7e-m\libg_nano.a(lib_a-memchr.o)
                0x08001b70                memchr
 .text.memcpy   0x08001c10       0x16 c:/users/a-m-m/desktop/iti_instructor/tools/imt_sdk_win_64/winarm/armgcc/bin/../lib/gcc/arm-none-eabi/7.2.1/../../../../arm-none-eabi/lib/thumb/v7e-m\libg_nano.a(lib_a-memcpy-stub.o)
                0x08001c10                memcpy
 .text.memmove  0x08001c26       0x32 c:/users/a-m-m/desktop/iti_instructor/tools/imt_sdk_win_64/winarm/armgcc/bin/../lib/gcc/arm-none-eabi/7.2.1/../../../../arm-none-eabi/lib/thumb/v7e-m\libg_nano.a(lib_a-memmove.o)
                0x08001c26                memmove
 .text._free_r  0x08001c58       0x9c c:/users/a-m-m/desktop/iti_instructor/tools/imt_sdk_win_64/winarm/armgcc/bin/../lib/gcc/arm-none-eabi/7.2.1/../../../../arm-none-eabi/lib/thumb/v7e-m\libg_nano.a(lib_a-nano-freer.o)
                0x08001c58                _free_r
 .text._malloc_r
                0x08001cf4       0xb4 c:/users/a-m-m/desktop/iti_instructor/tools/imt_sdk_win_64/winarm/armgcc/bin/../lib/gcc/arm-none-eabi/7.2.1/../../../../arm-none-eabi/lib/thumb/v7e-m\libg_nano.a(lib_a-nano-mallocr.o)
                0x08001cf4                _malloc_r
 .text._realloc_r
                0x08001da8       0x4c c:/users/a-m-m/desktop/iti_instructor/tools/imt_sdk_win_64/winarm/armgcc/bin/../lib/gcc/arm-none-eabi/7.2.1/../../../../arm-none-eabi/lib/thumb/v7e-m\libg_nano.a(lib_a-nano-reallocr.o)
                0x08001da8                _realloc_r
 .text._sbrk_r  0x08001df4       0x20 c:/users/a-m-m/desktop/iti_instructor/tools/imt_sdk_win_64/winarm/armgcc/bin/../lib/gcc/arm-none-eabi/7.2.1/../../../../arm-none-eabi/lib/thumb/v7e-m\libg_nano.a(lib_a-sbrkr.o)
                0x08001df4                _sbrk_r
 .text.__malloc_lock
                0x08001e14        0x2 c:/users/a-m-m/desktop/iti_instructor/tools/imt_sdk_win_64/winarm/armgcc/bin/../lib/gcc/arm-none-eabi/7.2.1/../../../../arm-none-eabi/lib/thumb/v7e-m\libg_nano.a(lib_a-mlock.o)
                0x08001e14                __malloc_lock
 .text.__malloc_unlock
                0x08001e16        0x2 c:/users/a-m-m/desktop/iti_instructor/tools/imt_sdk_win_64/winarm/armgcc/bin/../lib/gcc/arm-none-eabi/7.2.1/../../../../arm-none-eabi/lib/thumb/v7e-m\libg_nano.a(lib_a-mlock.o)
                0x08001e16                __malloc_unlock
 .text._malloc_usable_size_r
                0x08001e18       0x10 c:/users/a-m-m/desktop/iti_instructor/tools/imt_sdk_win_64/winarm/armgcc/bin/../lib/gcc/arm-none-eabi/7.2.1/../../../../arm-none-eabi/lib/thumb/v7e-m\libg_nano.a(lib_a-nano-msizer.o)
                0x08001e18                _malloc_usable_size_r
 *(.rodata .rodata.* .constdata .constdata.*)
 .rodata.HAL_NVIC_SetPriorityGrouping.str1.4
                0x08001e28       0x31 ./system/src/stm32f4-hal/stm32f4xx_hal_cortex.o
 *fill*         0x08001e59        0x3 
 .rodata.APBAHBPrescTable
                0x08001e5c       0x10 ./system/src/stm32f4-hal/stm32f4xx_hal_rcc.o
                0x08001e5c                APBAHBPrescTable
 .rodata.HAL_RCC_OscConfig.str1.4
                0x08001e6c       0x2e ./system/src/stm32f4-hal/stm32f4xx_hal_rcc.o
 *fill*         0x08001e9a        0x2 
 .rodata.abort.str1.4
                0x08001e9c       0x14 ./system/src/newlib/_exit.o
 .rodata.assert_failed.str1.4
                0x08001eb0       0x2b ./system/src/newlib/assert.o
 .rodata.trace_puts.str1.4
                0x08001edb       0x2b ./system/src/diag/Trace.o
                                  0x2 (size before relaxing)
 *fill*         0x08001edb        0x1 
 .rodata.dumpExceptionStack.str1.4
                0x08001edc      0x11a ./system/src/cortexm/exception_handlers.o
 *fill*         0x08001ff6        0x2 
 .rodata.str1.4
                0x08001ff8       0x2c ./system/src/cortexm/exception_handlers.o
                                 0x2a (size before relaxing)
 .rodata.AHBPrescTable
                0x08002024       0x10 ./system/src/cmsis/system_stm32f4xx.o
                0x08002024                AHBPrescTable
 .rodata        0x08002034       0x24 ./src/APP/APP.o
 .rodata._svfprintf_r.str1.1
                0x08002058       0x11 c:/users/a-m-m/desktop/iti_instructor/tools/imt_sdk_win_64/winarm/armgcc/bin/../lib/gcc/arm-none-eabi/7.2.1/../../../../arm-none-eabi/lib/thumb/v7e-m\libg_nano.a(lib_a-nano-svfprintf.o)
 .rodata._printf_i.str1.1
                0x08002069       0x22 c:/users/a-m-m/desktop/iti_instructor/tools/imt_sdk_win_64/winarm/armgcc/bin/../lib/gcc/arm-none-eabi/7.2.1/../../../../arm-none-eabi/lib/thumb/v7e-m\libg_nano.a(lib_a-nano-vfprintf_i.o)
 *(vtable)
 *(.eh_frame*)
 *(.glue_7)
 .glue_7        0x0800208b        0x0 linker stubs
 *(.glue_7t)
 .glue_7t       0x0800208b        0x0 linker stubs

.vfp11_veneer   0x0800208c        0x0
 .vfp11_veneer  0x0800208c        0x0 linker stubs

.v4_bx          0x0800208c        0x0
 .v4_bx         0x0800208c        0x0 linker stubs

.iplt           0x0800208c        0x0
 .iplt          0x0800208c        0x0 ./system/src/stm32f4-hal/stm32f4xx_hal.o

.rel.dyn        0x0800208c        0x0
 .rel.iplt      0x0800208c        0x0 ./system/src/stm32f4-hal/stm32f4xx_hal.o

.ARM.extab
 *(.ARM.extab* .gnu.linkonce.armextab.*)
                0x0800208c                . = ALIGN (0x4)
                0x0800208c                __exidx_start = .

.ARM.exidx
 *(.ARM.exidx* .gnu.linkonce.armexidx.*)
                0x0800208c                __exidx_end = .
                0x0800208c                . = ALIGN (0x4)
                0x0800208c                _etext = .
                0x0800208c                __etext = .

.data_CCMRAM    0x10000000        0x0 load address 0x0800208c
 FILL mask 0xff
 *(.data.CCMRAM .data.CCMRAM.*)
                0x10000000                . = ALIGN (0x4)
                0x0800208c                _sidata = LOADADDR (.data)

.data           0x20000000       0x78 load address 0x0800208c
 FILL mask 0xff
                0x20000000                _sdata = .
                0x20000000                __data_start__ = .
 *(.data_begin .data_begin.*)
 .data_begin    0x20000000        0x4 ./system/src/newlib/_startup.o
 *(.data .data.*)
 .data.argv.4310
                0x20000004        0x8 ./system/src/newlib/_syscalls.o
 .data.SystemCoreClock
                0x2000000c        0x4 ./system/src/cmsis/system_stm32f4xx.o
                0x2000000c                SystemCoreClock
 .data._impure_ptr
                0x20000010        0x4 c:/users/a-m-m/desktop/iti_instructor/tools/imt_sdk_win_64/winarm/armgcc/bin/../lib/gcc/arm-none-eabi/7.2.1/../../../../arm-none-eabi/lib/thumb/v7e-m\libg_nano.a(lib_a-impure.o)
                0x20000010                _impure_ptr
 .data.impure_data
                0x20000014       0x60 c:/users/a-m-m/desktop/iti_instructor/tools/imt_sdk_win_64/winarm/armgcc/bin/../lib/gcc/arm-none-eabi/7.2.1/../../../../arm-none-eabi/lib/thumb/v7e-m\libg_nano.a(lib_a-impure.o)
 *(.data_end .data_end.*)
 .data_end      0x20000074        0x4 ./system/src/newlib/_startup.o
                0x20000078                . = ALIGN (0x4)
                0x20000078                _edata = .
                0x20000078                __data_end__ = .

.igot.plt       0x20000078        0x0 load address 0x08002104
 .igot.plt      0x20000078        0x0 ./system/src/stm32f4-hal/stm32f4xx_hal.o

.bss_CCMRAM     0x10000000        0x0
 *(.bss.CCMRAM .bss.CCMRAM.*)

.bss            0x20000078       0xa8
                0x20000078                __bss_start__ = .
                0x20000078                _sbss = .
 *(.bss_begin .bss_begin.*)
 .bss_begin     0x20000078        0x4 ./system/src/newlib/_startup.o
 *(.bss .bss.*)
 .bss.current_heap_end.3961
                0x2000007c        0x4 ./system/src/newlib/_sbrk.o
 .bss.name.4309
                0x20000080        0x1 ./system/src/newlib/_syscalls.o
 *fill*         0x20000081        0x3 
 .bss.buf.5205  0x20000084       0x80 ./system/src/diag/Trace.o
 .bss.STK_u8SingleIntFlag
                0x20000104        0x1 ./src/MCAL/SYSTICK/SYSTICK_Program.o
                0x20000104                STK_u8SingleIntFlag
 *fill*         0x20000105        0x3 
 .bss.__malloc_free_list
                0x20000108        0x4 c:/users/a-m-m/desktop/iti_instructor/tools/imt_sdk_win_64/winarm/armgcc/bin/../lib/gcc/arm-none-eabi/7.2.1/../../../../arm-none-eabi/lib/thumb/v7e-m\libg_nano.a(lib_a-nano-mallocr.o)
                0x20000108                __malloc_free_list
 .bss.__malloc_sbrk_start
                0x2000010c        0x4 c:/users/a-m-m/desktop/iti_instructor/tools/imt_sdk_win_64/winarm/armgcc/bin/../lib/gcc/arm-none-eabi/7.2.1/../../../../arm-none-eabi/lib/thumb/v7e-m\libg_nano.a(lib_a-nano-mallocr.o)
                0x2000010c                __malloc_sbrk_start
 *(COMMON)
 COMMON         0x20000110        0x4 ./system/src/stm32f4-hal/stm32f4xx_hal.o
                0x20000110                uwTick
 COMMON         0x20000114        0x4 ./system/src/newlib/_syscalls.o
                0x20000114                errno
 COMMON         0x20000118        0x4 ./src/MCAL/SYSTICK/SYSTICK_Program.o
                0x20000118                STK_pToFunction
 *(.bss_end .bss_end.*)
 .bss_end       0x2000011c        0x4 ./system/src/newlib/_startup.o
                0x20000120                . = ALIGN (0x4)
                0x20000120                __bss_end__ = .
                0x20000120                _ebss = .

.noinit_CCMRAM
 *(.noinit.CCMRAM .noinit.CCMRAM.*)

.noinit         0x20000120        0x0
                0x20000120                _noinit = .
 *(.noinit .noinit.*)
                0x20000120                . = ALIGN (0x4)
                0x20000120                _end_noinit = .
                [!provide]                PROVIDE (end, _end_noinit)
                [!provide]                PROVIDE (_end, _end_noinit)
                [!provide]                PROVIDE (__end, _end_noinit)
                [!provide]                PROVIDE (__end__, _end_noinit)

._check_stack   0x20000120      0x100
                0x20000220                . = (. + _Minimum_Stack_Size)
 *fill*         0x20000120      0x100 

.b1text
 *(.b1text)
 *(.b1rodata)
 *(.b1rodata.*)

.eb0text
 *(.eb0text)
 *(.eb0rodata)
 *(.eb0rodata.*)

.eb1text
 *(.eb1text)
 *(.eb1rodata)
 *(.eb1rodata.*)

.eb2text
 *(.eb2text)
 *(.eb2rodata)
 *(.eb2rodata.*)

.eb3text
 *(.eb3text)
 *(.eb3rodata)
 *(.eb3rodata.*)

.stab
 *(.stab)

.stabstr
 *(.stabstr)

.stab.excl
 *(.stab.excl)

.stab.exclstr
 *(.stab.exclstr)

.stab.index
 *(.stab.index)

.stab.indexstr
 *(.stab.indexstr)

.comment        0x00000000       0x7e
 *(.comment)
 .comment       0x00000000       0x7e ./system/src/stm32f4-hal/stm32f4xx_hal.o
                                 0x7f (size before relaxing)
 .comment       0x0000007e       0x7f ./system/src/stm32f4-hal/stm32f4xx_hal_cortex.o
 .comment       0x0000007e       0x7f ./system/src/stm32f4-hal/stm32f4xx_hal_rcc.o
 .comment       0x0000007e       0x7f ./system/src/newlib/_exit.o
 .comment       0x0000007e       0x7f ./system/src/newlib/_sbrk.o
 .comment       0x0000007e       0x7f ./system/src/newlib/_startup.o
 .comment       0x0000007e       0x7f ./system/src/newlib/_syscalls.o
 .comment       0x0000007e       0x7f ./system/src/newlib/assert.o
 .comment       0x0000007e       0x7f ./system/src/diag/Trace.o
 .comment       0x0000007e       0x7f ./system/src/diag/trace_impl.o
 .comment       0x0000007e       0x7f ./system/src/cortexm/_initialize_hardware.o
 .comment       0x0000007e       0x7f ./system/src/cortexm/exception_handlers.o
 .comment       0x0000007e       0x7f ./system/src/cmsis/system_stm32f4xx.o
 .comment       0x0000007e       0x7f ./system/src/cmsis/vectors_stm32f401xc.o
 .comment       0x0000007e       0x7f ./src/MCAL/SYSTICK/SYSTICK_Program.o
 .comment       0x0000007e       0x7f ./src/MCAL/RCC/RCC_Program.o
 .comment       0x0000007e       0x7f ./src/MCAL/MFLASH/MFLASH_Program.o
 .comment       0x0000007e       0x7f ./src/MCAL/GPIO/GPIO_Program.o
 .comment       0x0000007e       0x7f ./src/APP/APP.o
 .comment       0x0000007e       0x7f ./src/_initialize_hardware.o
 .comment       0x0000007e       0x7f ./src/stm32f4xx_hal_msp.o

.ARM.attributes
                0x00000000       0x31
 .ARM.attributes
                0x00000000       0x33 ./system/src/stm32f4-hal/stm32f4xx_hal.o
 .ARM.attributes
                0x00000033       0x33 ./system/src/stm32f4-hal/stm32f4xx_hal_cortex.o
 .ARM.attributes
                0x00000066       0x33 ./system/src/stm32f4-hal/stm32f4xx_hal_rcc.o
 .ARM.attributes
                0x00000099       0x33 ./system/src/newlib/_exit.o
 .ARM.attributes
                0x000000cc       0x33 ./system/src/newlib/_sbrk.o
 .ARM.attributes
                0x000000ff       0x33 ./system/src/newlib/_startup.o
 .ARM.attributes
                0x00000132       0x33 ./system/src/newlib/_syscalls.o
 .ARM.attributes
                0x00000165       0x33 ./system/src/newlib/assert.o
 .ARM.attributes
                0x00000198       0x33 ./system/src/diag/Trace.o
 .ARM.attributes
                0x000001cb       0x33 ./system/src/diag/trace_impl.o
 .ARM.attributes
                0x000001fe       0x33 ./system/src/cortexm/_initialize_hardware.o
 .ARM.attributes
                0x00000231       0x33 ./system/src/cortexm/exception_handlers.o
 .ARM.attributes
                0x00000264       0x33 ./system/src/cmsis/system_stm32f4xx.o
 .ARM.attributes
                0x00000297       0x33 ./system/src/cmsis/vectors_stm32f401xc.o
 .ARM.attributes
                0x000002ca       0x33 ./src/MCAL/SYSTICK/SYSTICK_Program.o
 .ARM.attributes
                0x000002fd       0x33 ./src/MCAL/RCC/RCC_Program.o
 .ARM.attributes
                0x00000330       0x33 ./src/MCAL/MFLASH/MFLASH_Program.o
 .ARM.attributes
                0x00000363       0x33 ./src/MCAL/GPIO/GPIO_Program.o
 .ARM.attributes
                0x00000396       0x33 ./src/APP/APP.o
 .ARM.attributes
                0x000003c9       0x33 ./src/_initialize_hardware.o
 .ARM.attributes
                0x000003fc       0x33 ./src/stm32f4xx_hal_msp.o
 .ARM.attributes
                0x0000042f       0x2e c:/users/a-m-m/desktop/iti_instructor/tools/imt_sdk_win_64/winarm/armgcc/bin/../lib/gcc/arm-none-eabi/7.2.1/../../../../arm-none-eabi/lib/thumb/v7e-m\libg_nano.a(lib_a-errno.o)
 .ARM.attributes
                0x0000045d       0x2e c:/users/a-m-m/desktop/iti_instructor/tools/imt_sdk_win_64/winarm/armgcc/bin/../lib/gcc/arm-none-eabi/7.2.1/../../../../arm-none-eabi/lib/thumb/v7e-m\libg_nano.a(lib_a-impure.o)
 .ARM.attributes
                0x0000048b       0x17 c:/users/a-m-m/desktop/iti_instructor/tools/imt_sdk_win_64/winarm/armgcc/bin/../lib/gcc/arm-none-eabi/7.2.1/../../../../arm-none-eabi/lib/thumb/v7e-m\libg_nano.a(lib_a-strlen.o)
 .ARM.attributes
                0x000004a2       0x2e c:/users/a-m-m/desktop/iti_instructor/tools/imt_sdk_win_64/winarm/armgcc/bin/../lib/gcc/arm-none-eabi/7.2.1/../../../../arm-none-eabi/lib/thumb/v7e-m\libg_nano.a(lib_a-vsnprintf.o)
 .ARM.attributes
                0x000004d0       0x2e c:/users/a-m-m/desktop/iti_instructor/tools/imt_sdk_win_64/winarm/armgcc/bin/../lib/gcc/arm-none-eabi/7.2.1/../../../../arm-none-eabi/lib/thumb/v7e-m\libg_nano.a(lib_a-nano-svfprintf.o)
 .ARM.attributes
                0x000004fe       0x2e c:/users/a-m-m/desktop/iti_instructor/tools/imt_sdk_win_64/winarm/armgcc/bin/../lib/gcc/arm-none-eabi/7.2.1/../../../../arm-none-eabi/lib/thumb/v7e-m\libg_nano.a(lib_a-nano-vfprintf_i.o)
 .ARM.attributes
                0x0000052c       0x1c c:/users/a-m-m/desktop/iti_instructor/tools/imt_sdk_win_64/winarm/armgcc/bin/../lib/gcc/arm-none-eabi/7.2.1/../../../../arm-none-eabi/lib/thumb/v7e-m\libg_nano.a(lib_a-memchr.o)
 .ARM.attributes
                0x00000548       0x2e c:/users/a-m-m/desktop/iti_instructor/tools/imt_sdk_win_64/winarm/armgcc/bin/../lib/gcc/arm-none-eabi/7.2.1/../../../../arm-none-eabi/lib/thumb/v7e-m\libg_nano.a(lib_a-memcpy-stub.o)
 .ARM.attributes
                0x00000576       0x2e c:/users/a-m-m/desktop/iti_instructor/tools/imt_sdk_win_64/winarm/armgcc/bin/../lib/gcc/arm-none-eabi/7.2.1/../../../../arm-none-eabi/lib/thumb/v7e-m\libg_nano.a(lib_a-memmove.o)
 .ARM.attributes
                0x000005a4       0x2e c:/users/a-m-m/desktop/iti_instructor/tools/imt_sdk_win_64/winarm/armgcc/bin/../lib/gcc/arm-none-eabi/7.2.1/../../../../arm-none-eabi/lib/thumb/v7e-m\libg_nano.a(lib_a-nano-freer.o)
 .ARM.attributes
                0x000005d2       0x2e c:/users/a-m-m/desktop/iti_instructor/tools/imt_sdk_win_64/winarm/armgcc/bin/../lib/gcc/arm-none-eabi/7.2.1/../../../../arm-none-eabi/lib/thumb/v7e-m\libg_nano.a(lib_a-nano-mallocr.o)
 .ARM.attributes
                0x00000600       0x2e c:/users/a-m-m/desktop/iti_instructor/tools/imt_sdk_win_64/winarm/armgcc/bin/../lib/gcc/arm-none-eabi/7.2.1/../../../../arm-none-eabi/lib/thumb/v7e-m\libg_nano.a(lib_a-nano-reallocr.o)
 .ARM.attributes
                0x0000062e       0x2e c:/users/a-m-m/desktop/iti_instructor/tools/imt_sdk_win_64/winarm/armgcc/bin/../lib/gcc/arm-none-eabi/7.2.1/../../../../arm-none-eabi/lib/thumb/v7e-m\libg_nano.a(lib_a-sbrkr.o)
 .ARM.attributes
                0x0000065c       0x2e c:/users/a-m-m/desktop/iti_instructor/tools/imt_sdk_win_64/winarm/armgcc/bin/../lib/gcc/arm-none-eabi/7.2.1/../../../../arm-none-eabi/lib/thumb/v7e-m\libg_nano.a(lib_a-mlock.o)
 .ARM.attributes
                0x0000068a       0x2e c:/users/a-m-m/desktop/iti_instructor/tools/imt_sdk_win_64/winarm/armgcc/bin/../lib/gcc/arm-none-eabi/7.2.1/../../../../arm-none-eabi/lib/thumb/v7e-m\libg_nano.a(lib_a-nano-msizer.o)

.debug
 *(.debug)

.line
 *(.line)

.debug_srcinfo
 *(.debug_srcinfo)

.debug_sfnames
 *(.debug_sfnames)

.debug_aranges  0x00000000      0x5d8
 *(.debug_aranges)
 .debug_aranges
                0x00000000       0xc0 ./system/src/stm32f4-hal/stm32f4xx_hal.o
 .debug_aranges
                0x000000c0       0x98 ./system/src/stm32f4-hal/stm32f4xx_hal_cortex.o
 .debug_aranges
                0x00000158       0x88 ./system/src/stm32f4-hal/stm32f4xx_hal_rcc.o
 .debug_aranges
                0x000001e0       0x28 ./system/src/newlib/_exit.o
 .debug_aranges
                0x00000208       0x20 ./system/src/newlib/_sbrk.o
 .debug_aranges
                0x00000228       0x40 ./system/src/newlib/_startup.o
 .debug_aranges
                0x00000268       0x30 ./system/src/newlib/_syscalls.o
 .debug_aranges
                0x00000298       0x28 ./system/src/newlib/assert.o
 .debug_aranges
                0x000002c0       0x38 ./system/src/diag/Trace.o
 .debug_aranges
                0x000002f8       0x30 ./system/src/diag/trace_impl.o
 .debug_aranges
                0x00000328       0x28 ./system/src/cortexm/_initialize_hardware.o
 .debug_aranges
                0x00000350       0x90 ./system/src/cortexm/exception_handlers.o
 .debug_aranges
                0x000003e0       0x28 ./system/src/cmsis/system_stm32f4xx.o
 .debug_aranges
                0x00000408       0x20 ./system/src/cmsis/vectors_stm32f401xc.o
 .debug_aranges
                0x00000428       0x48 ./src/MCAL/SYSTICK/SYSTICK_Program.o
 .debug_aranges
                0x00000470       0x50 ./src/MCAL/RCC/RCC_Program.o
 .debug_aranges
                0x000004c0       0x38 ./src/MCAL/MFLASH/MFLASH_Program.o
 .debug_aranges
                0x000004f8       0x60 ./src/MCAL/GPIO/GPIO_Program.o
 .debug_aranges
                0x00000558       0x20 ./src/APP/APP.o
 .debug_aranges
                0x00000578       0x28 ./src/_initialize_hardware.o
 .debug_aranges
                0x000005a0       0x38 ./src/stm32f4xx_hal_msp.o

.debug_pubnames
 *(.debug_pubnames)

.debug_info     0x00000000     0xe23c
 *(.debug_info .gnu.linkonce.wi.*)
 .debug_info    0x00000000     0x1224 ./system/src/stm32f4-hal/stm32f4xx_hal.o
 .debug_info    0x00001224     0x1a20 ./system/src/stm32f4-hal/stm32f4xx_hal_cortex.o
 .debug_info    0x00002c44     0x1940 ./system/src/stm32f4-hal/stm32f4xx_hal_rcc.o
 .debug_info    0x00004584      0xa51 ./system/src/newlib/_exit.o
 .debug_info    0x00004fd5      0xa31 ./system/src/newlib/_sbrk.o
 .debug_info    0x00005a06      0x4f6 ./system/src/newlib/_startup.o
 .debug_info    0x00005efc      0xb15 ./system/src/newlib/_syscalls.o
 .debug_info    0x00006a11      0xafd ./system/src/newlib/assert.o
 .debug_info    0x0000750e      0xc33 ./system/src/diag/Trace.o
 .debug_info    0x00008141      0xc69 ./system/src/diag/trace_impl.o
 .debug_info    0x00008daa      0xbfd ./system/src/cortexm/_initialize_hardware.o
 .debug_info    0x000099a7     0x12cd ./system/src/cortexm/exception_handlers.o
 .debug_info    0x0000ac74      0xe5a ./system/src/cmsis/system_stm32f4xx.o
 .debug_info    0x0000bace       0xd2 ./system/src/cmsis/vectors_stm32f401xc.o
 .debug_info    0x0000bba0      0x1aa ./src/MCAL/SYSTICK/SYSTICK_Program.o
 .debug_info    0x0000bd4a      0x422 ./src/MCAL/RCC/RCC_Program.o
 .debug_info    0x0000c16c      0x204 ./src/MCAL/MFLASH/MFLASH_Program.o
 .debug_info    0x0000c370      0x44b ./src/MCAL/GPIO/GPIO_Program.o
 .debug_info    0x0000c7bb      0x1e2 ./src/APP/APP.o
 .debug_info    0x0000c99d      0xe9c ./src/_initialize_hardware.o
 .debug_info    0x0000d839      0xa03 ./src/stm32f4xx_hal_msp.o

.debug_abbrev   0x00000000     0x29c2
 *(.debug_abbrev)
 .debug_abbrev  0x00000000      0x327 ./system/src/stm32f4-hal/stm32f4xx_hal.o
 .debug_abbrev  0x00000327      0x3fa ./system/src/stm32f4-hal/stm32f4xx_hal_cortex.o
 .debug_abbrev  0x00000721      0x3ad ./system/src/stm32f4-hal/stm32f4xx_hal_rcc.o
 .debug_abbrev  0x00000ace      0x1f2 ./system/src/newlib/_exit.o
 .debug_abbrev  0x00000cc0      0x1de ./system/src/newlib/_sbrk.o
 .debug_abbrev  0x00000e9e      0x1cb ./system/src/newlib/_startup.o
 .debug_abbrev  0x00001069      0x216 ./system/src/newlib/_syscalls.o
 .debug_abbrev  0x0000127f      0x1d5 ./system/src/newlib/assert.o
 .debug_abbrev  0x00001454      0x259 ./system/src/diag/Trace.o
 .debug_abbrev  0x000016ad      0x2d0 ./system/src/diag/trace_impl.o
 .debug_abbrev  0x0000197d      0x1c0 ./system/src/cortexm/_initialize_hardware.o
 .debug_abbrev  0x00001b3d      0x30d ./system/src/cortexm/exception_handlers.o
 .debug_abbrev  0x00001e4a      0x1f7 ./system/src/cmsis/system_stm32f4xx.o
 .debug_abbrev  0x00002041       0x9c ./system/src/cmsis/vectors_stm32f401xc.o
 .debug_abbrev  0x000020dd      0x122 ./src/MCAL/SYSTICK/SYSTICK_Program.o
 .debug_abbrev  0x000021ff      0x102 ./src/MCAL/RCC/RCC_Program.o
 .debug_abbrev  0x00002301      0x10e ./src/MCAL/MFLASH/MFLASH_Program.o
 .debug_abbrev  0x0000240f      0x15c ./src/MCAL/GPIO/GPIO_Program.o
 .debug_abbrev  0x0000256b       0xb5 ./src/APP/APP.o
 .debug_abbrev  0x00002620      0x210 ./src/_initialize_hardware.o
 .debug_abbrev  0x00002830      0x192 ./src/stm32f4xx_hal_msp.o

.debug_line     0x00000000     0x2edb
 *(.debug_line)
 .debug_line    0x00000000      0x3b0 ./system/src/stm32f4-hal/stm32f4xx_hal.o
 .debug_line    0x000003b0      0x4b3 ./system/src/stm32f4-hal/stm32f4xx_hal_cortex.o
 .debug_line    0x00000863      0x697 ./system/src/stm32f4-hal/stm32f4xx_hal_rcc.o
 .debug_line    0x00000efa      0x1f5 ./system/src/newlib/_exit.o
 .debug_line    0x000010ef      0x16e ./system/src/newlib/_sbrk.o
 .debug_line    0x0000125d      0x1a5 ./system/src/newlib/_startup.o
 .debug_line    0x00001402      0x20d ./system/src/newlib/_syscalls.o
 .debug_line    0x0000160f      0x224 ./system/src/newlib/assert.o
 .debug_line    0x00001833      0x258 ./system/src/diag/Trace.o
 .debug_line    0x00001a8b      0x230 ./system/src/diag/trace_impl.o
 .debug_line    0x00001cbb      0x1bc ./system/src/cortexm/_initialize_hardware.o
 .debug_line    0x00001e77      0x2cc ./system/src/cortexm/exception_handlers.o
 .debug_line    0x00002143      0x1e5 ./system/src/cmsis/system_stm32f4xx.o
 .debug_line    0x00002328       0x5b ./system/src/cmsis/vectors_stm32f401xc.o
 .debug_line    0x00002383       0xfb ./src/MCAL/SYSTICK/SYSTICK_Program.o
 .debug_line    0x0000247e      0x13f ./src/MCAL/RCC/RCC_Program.o
 .debug_line    0x000025bd      0x120 ./src/MCAL/MFLASH/MFLASH_Program.o
 .debug_line    0x000026dd      0x2bf ./src/MCAL/GPIO/GPIO_Program.o
 .debug_line    0x0000299c      0x123 ./src/APP/APP.o
 .debug_line    0x00002abf      0x254 ./src/_initialize_hardware.o
 .debug_line    0x00002d13      0x1c8 ./src/stm32f4xx_hal_msp.o

.debug_frame    0x00000000      0xf08
 *(.debug_frame)
 .debug_frame   0x00000000      0x188 ./system/src/stm32f4-hal/stm32f4xx_hal.o
 .debug_frame   0x00000188      0x17c ./system/src/stm32f4-hal/stm32f4xx_hal_cortex.o
 .debug_frame   0x00000304      0x140 ./system/src/stm32f4-hal/stm32f4xx_hal_rcc.o
 .debug_frame   0x00000444       0x38 ./system/src/newlib/_exit.o
 .debug_frame   0x0000047c       0x28 ./system/src/newlib/_sbrk.o
 .debug_frame   0x000004a4       0x7c ./system/src/newlib/_startup.o
 .debug_frame   0x00000520       0x50 ./system/src/newlib/_syscalls.o
 .debug_frame   0x00000570       0x40 ./system/src/newlib/assert.o
 .debug_frame   0x000005b0       0x94 ./system/src/diag/Trace.o
 .debug_frame   0x00000644       0x64 ./system/src/diag/trace_impl.o
 .debug_frame   0x000006a8       0x40 ./system/src/cortexm/_initialize_hardware.o
 .debug_frame   0x000006e8      0x158 ./system/src/cortexm/exception_handlers.o
 .debug_frame   0x00000840       0x30 ./system/src/cmsis/system_stm32f4xx.o
 .debug_frame   0x00000870       0x20 ./system/src/cmsis/vectors_stm32f401xc.o
 .debug_frame   0x00000890       0x84 ./src/MCAL/SYSTICK/SYSTICK_Program.o
 .debug_frame   0x00000914       0x98 ./src/MCAL/RCC/RCC_Program.o
 .debug_frame   0x000009ac       0x68 ./src/MCAL/MFLASH/MFLASH_Program.o
 .debug_frame   0x00000a14      0x168 ./src/MCAL/GPIO/GPIO_Program.o
 .debug_frame   0x00000b7c       0x28 ./src/APP/APP.o
 .debug_frame   0x00000ba4       0x4c ./src/_initialize_hardware.o
 .debug_frame   0x00000bf0       0x50 ./src/stm32f4xx_hal_msp.o
 .debug_frame   0x00000c40       0x20 c:/users/a-m-m/desktop/iti_instructor/tools/imt_sdk_win_64/winarm/armgcc/bin/../lib/gcc/arm-none-eabi/7.2.1/../../../../arm-none-eabi/lib/thumb/v7e-m\libg_nano.a(lib_a-errno.o)
 .debug_frame   0x00000c60       0x4c c:/users/a-m-m/desktop/iti_instructor/tools/imt_sdk_win_64/winarm/armgcc/bin/../lib/gcc/arm-none-eabi/7.2.1/../../../../arm-none-eabi/lib/thumb/v7e-m\libg_nano.a(lib_a-vsnprintf.o)
 .debug_frame   0x00000cac       0x90 c:/users/a-m-m/desktop/iti_instructor/tools/imt_sdk_win_64/winarm/armgcc/bin/../lib/gcc/arm-none-eabi/7.2.1/../../../../arm-none-eabi/lib/thumb/v7e-m\libg_nano.a(lib_a-nano-svfprintf.o)
 .debug_frame   0x00000d3c       0x60 c:/users/a-m-m/desktop/iti_instructor/tools/imt_sdk_win_64/winarm/armgcc/bin/../lib/gcc/arm-none-eabi/7.2.1/../../../../arm-none-eabi/lib/thumb/v7e-m\libg_nano.a(lib_a-nano-vfprintf_i.o)
 .debug_frame   0x00000d9c       0x28 c:/users/a-m-m/desktop/iti_instructor/tools/imt_sdk_win_64/winarm/armgcc/bin/../lib/gcc/arm-none-eabi/7.2.1/../../../../arm-none-eabi/lib/thumb/v7e-m\libg_nano.a(lib_a-memcpy-stub.o)
 .debug_frame   0x00000dc4       0x28 c:/users/a-m-m/desktop/iti_instructor/tools/imt_sdk_win_64/winarm/armgcc/bin/../lib/gcc/arm-none-eabi/7.2.1/../../../../arm-none-eabi/lib/thumb/v7e-m\libg_nano.a(lib_a-memmove.o)
 .debug_frame   0x00000dec       0x38 c:/users/a-m-m/desktop/iti_instructor/tools/imt_sdk_win_64/winarm/armgcc/bin/../lib/gcc/arm-none-eabi/7.2.1/../../../../arm-none-eabi/lib/thumb/v7e-m\libg_nano.a(lib_a-nano-freer.o)
 .debug_frame   0x00000e24       0x2c c:/users/a-m-m/desktop/iti_instructor/tools/imt_sdk_win_64/winarm/armgcc/bin/../lib/gcc/arm-none-eabi/7.2.1/../../../../arm-none-eabi/lib/thumb/v7e-m\libg_nano.a(lib_a-nano-mallocr.o)
 .debug_frame   0x00000e50       0x3c c:/users/a-m-m/desktop/iti_instructor/tools/imt_sdk_win_64/winarm/armgcc/bin/../lib/gcc/arm-none-eabi/7.2.1/../../../../arm-none-eabi/lib/thumb/v7e-m\libg_nano.a(lib_a-nano-reallocr.o)
 .debug_frame   0x00000e8c       0x2c c:/users/a-m-m/desktop/iti_instructor/tools/imt_sdk_win_64/winarm/armgcc/bin/../lib/gcc/arm-none-eabi/7.2.1/../../../../arm-none-eabi/lib/thumb/v7e-m\libg_nano.a(lib_a-sbrkr.o)
 .debug_frame   0x00000eb8       0x30 c:/users/a-m-m/desktop/iti_instructor/tools/imt_sdk_win_64/winarm/armgcc/bin/../lib/gcc/arm-none-eabi/7.2.1/../../../../arm-none-eabi/lib/thumb/v7e-m\libg_nano.a(lib_a-mlock.o)
 .debug_frame   0x00000ee8       0x20 c:/users/a-m-m/desktop/iti_instructor/tools/imt_sdk_win_64/winarm/armgcc/bin/../lib/gcc/arm-none-eabi/7.2.1/../../../../arm-none-eabi/lib/thumb/v7e-m\libg_nano.a(lib_a-nano-msizer.o)

.debug_str      0x00000000     0x232d
 *(.debug_str)
 .debug_str     0x00000000      0xc6b ./system/src/stm32f4-hal/stm32f4xx_hal.o
                                0xd6f (size before relaxing)
 .debug_str     0x00000c6b      0x3b4 ./system/src/stm32f4-hal/stm32f4xx_hal_cortex.o
                                0xece (size before relaxing)
 .debug_str     0x0000101f      0x30e ./system/src/stm32f4-hal/stm32f4xx_hal_rcc.o
                                0xb06 (size before relaxing)
 .debug_str     0x0000132d       0x69 ./system/src/newlib/_exit.o
                                0x628 (size before relaxing)
 .debug_str     0x00001396       0x8e ./system/src/newlib/_sbrk.o
                                0x646 (size before relaxing)
 .debug_str     0x00001424      0x1e9 ./system/src/newlib/_startup.o
                                0x3f0 (size before relaxing)
 .debug_str     0x0000160d       0x6b ./system/src/newlib/_syscalls.o
                                0x66a (size before relaxing)
 .debug_str     0x00001678       0x49 ./system/src/newlib/assert.o
                                0x667 (size before relaxing)
 .debug_str     0x000016c1       0x7b ./system/src/diag/Trace.o
                                0x691 (size before relaxing)
 .debug_str     0x0000173c      0x2e0 ./system/src/diag/trace_impl.o
                                0x914 (size before relaxing)
 .debug_str     0x00001a1c       0x5e ./system/src/cortexm/_initialize_hardware.o
                                0x6dc (size before relaxing)
 .debug_str     0x00001a7a      0x157 ./system/src/cortexm/exception_handlers.o
                                0xa58 (size before relaxing)
 .debug_str     0x00001bd1       0x31 ./system/src/cmsis/system_stm32f4xx.o
                                0x7c1 (size before relaxing)
 .debug_str     0x00001c02       0x59 ./system/src/cmsis/vectors_stm32f401xc.o
                                0x224 (size before relaxing)
 .debug_str     0x00001c5b       0xf6 ./src/MCAL/SYSTICK/SYSTICK_Program.o
                                0x2a6 (size before relaxing)
 .debug_str     0x00001d51      0x276 ./src/MCAL/RCC/RCC_Program.o
                                0x42e (size before relaxing)
 .debug_str     0x00001fc7       0xaf ./src/MCAL/MFLASH/MFLASH_Program.o
                                0x268 (size before relaxing)
 .debug_str     0x00002076      0x230 ./src/MCAL/GPIO/GPIO_Program.o
                                0x3d6 (size before relaxing)
 .debug_str     0x000022a6       0x19 ./src/APP/APP.o
                                0x263 (size before relaxing)
 .debug_str     0x000022bf       0x31 ./src/_initialize_hardware.o
                                0x8ec (size before relaxing)
 .debug_str     0x000022f0       0x3d ./src/stm32f4xx_hal_msp.o
                                0x63d (size before relaxing)

.debug_loc      0x00000000     0x3314
 *(.debug_loc)
 .debug_loc     0x00000000      0x12a ./system/src/stm32f4-hal/stm32f4xx_hal.o
 .debug_loc     0x0000012a      0x8bb ./system/src/stm32f4-hal/stm32f4xx_hal_cortex.o
 .debug_loc     0x000009e5      0x612 ./system/src/stm32f4-hal/stm32f4xx_hal_rcc.o
 .debug_loc     0x00000ff7       0x20 ./system/src/newlib/_exit.o
 .debug_loc     0x00001017       0xa5 ./system/src/newlib/_sbrk.o
 .debug_loc     0x000010bc      0x337 ./system/src/newlib/_startup.o
 .debug_loc     0x000013f3       0xa3 ./system/src/newlib/_syscalls.o
 .debug_loc     0x00001496      0x180 ./system/src/newlib/assert.o
 .debug_loc     0x00001616      0x1ca ./system/src/diag/Trace.o
 .debug_loc     0x000017e0      0x185 ./system/src/diag/trace_impl.o
 .debug_loc     0x00001965       0x40 ./system/src/cortexm/_initialize_hardware.o
 .debug_loc     0x000019a5      0x361 ./system/src/cortexm/exception_handlers.o
 .debug_loc     0x00001d06      0x13e ./system/src/cmsis/system_stm32f4xx.o
 .debug_loc     0x00001e44       0x4c ./src/MCAL/SYSTICK/SYSTICK_Program.o
 .debug_loc     0x00001e90      0x2e8 ./src/MCAL/RCC/RCC_Program.o
 .debug_loc     0x00002178      0x1ca ./src/MCAL/MFLASH/MFLASH_Program.o
 .debug_loc     0x00002342      0xf4d ./src/MCAL/GPIO/GPIO_Program.o
 .debug_loc     0x0000328f       0x2c ./src/APP/APP.o
 .debug_loc     0x000032bb       0x59 ./src/_initialize_hardware.o

.debug_macinfo
 *(.debug_macinfo)

.debug_weaknames
 *(.debug_weaknames)

.debug_funcnames
 *(.debug_funcnames)

.debug_typenames
 *(.debug_typenames)

.debug_varnames
 *(.debug_varnames)
OUTPUT(FlashInterface.elf elf32-littlearm)

.debug_ranges   0x00000000      0x578
 .debug_ranges  0x00000000       0xb0 ./system/src/stm32f4-hal/stm32f4xx_hal.o
 .debug_ranges  0x000000b0       0xe8 ./system/src/stm32f4-hal/stm32f4xx_hal_cortex.o
 .debug_ranges  0x00000198       0x78 ./system/src/stm32f4-hal/stm32f4xx_hal_rcc.o
 .debug_ranges  0x00000210       0x18 ./system/src/newlib/_exit.o
 .debug_ranges  0x00000228       0x10 ./system/src/newlib/_sbrk.o
 .debug_ranges  0x00000238       0x90 ./system/src/newlib/_startup.o
 .debug_ranges  0x000002c8       0x20 ./system/src/newlib/_syscalls.o
 .debug_ranges  0x000002e8       0x18 ./system/src/newlib/assert.o
 .debug_ranges  0x00000300       0x28 ./system/src/diag/Trace.o
 .debug_ranges  0x00000328       0x50 ./system/src/diag/trace_impl.o
 .debug_ranges  0x00000378       0x18 ./system/src/cortexm/_initialize_hardware.o
 .debug_ranges  0x00000390       0x80 ./system/src/cortexm/exception_handlers.o
 .debug_ranges  0x00000410       0x18 ./system/src/cmsis/system_stm32f4xx.o
 .debug_ranges  0x00000428       0x10 ./system/src/cmsis/vectors_stm32f401xc.o
 .debug_ranges  0x00000438       0x38 ./src/MCAL/SYSTICK/SYSTICK_Program.o
 .debug_ranges  0x00000470       0x40 ./src/MCAL/RCC/RCC_Program.o
 .debug_ranges  0x000004b0       0x28 ./src/MCAL/MFLASH/MFLASH_Program.o
 .debug_ranges  0x000004d8       0x50 ./src/MCAL/GPIO/GPIO_Program.o
 .debug_ranges  0x00000528       0x10 ./src/APP/APP.o
 .debug_ranges  0x00000538       0x18 ./src/_initialize_hardware.o
 .debug_ranges  0x00000550       0x28 ./src/stm32f4xx_hal_msp.o
